Component: ARM Compiler 5.06 update 7 (build 960) Tool: armlink [4d3601]

==============================================================================

Section Cross References

    app_init.o(i.appInit) refers to misc.o(i.NVIC_PriorityGroupConfig) for NVIC_PriorityGroupConfig
    app_init.o(i.appInit) refers to event_groups.o(i.xEventGroupCreate) for xEventGroupCreate
    app_init.o(i.appInit) refers to config.o(i.configInit) for configInit
    app_init.o(i.appInit) refers to odrive.o(i.OdriveInit) for OdriveInit
    app_init.o(i.appInit) refers to control.o(i.controlInit) for controlInit
    app_init.o(i.appInit) refers to xhc_task.o(i.XHCDataInit) for XHCDataInit
    app_init.o(i.appInit) refers to can2_task.o(i.CAN2DataInit) for CAN2DataInit
    app_init.o(i.appInit) refers to balance.o(i.balanceInit) for balanceInit
    app_init.o(i.appInit) refers to tasks.o(i.vTaskDelete) for vTaskDelete
    app_init.o(i.appInit) refers to app_init.o(.data) for taskInitData
    app_init.o(i.appInit) refers to driver_clockcount.o(.data) for clockClass
    control.o(i.congtrolGlobalInit) refers to usartx.o(i.uart1_init) for uart1_init
    control.o(i.controlInit) refers to tasks.o(i.xTaskCreate) for xTaskCreate
    control.o(i.controlInit) refers to supervisor.o(i.getsupervisorData) for getsupervisorData
    control.o(i.controlInit) refers to control.o(.bss) for controlData
    control.o(i.controlInit) refers to control.o(i.controlUpdateTask) for controlUpdateTask
    control.o(i.controlUpdateTask) refers to tasks.o(i.xTaskGetTickCount) for xTaskGetTickCount
    control.o(i.controlUpdateTask) refers to control.o(i.getcontrolData) for getcontrolData
    control.o(i.controlUpdateTask) refers to tasks.o(i.vTaskDelayUntil) for vTaskDelayUntil
    control.o(i.controlUpdateTask) refers to control.o(i.congtrolGlobalInit) for congtrolGlobalInit
    control.o(i.controlUpdateTask) refers to state.o(i.CanSendDataTask) for CanSendDataTask
    control.o(i.controlUpdateTask) refers to control.o(.bss) for controlData
    control.o(i.getcontrolData) refers to control.o(.bss) for controlData
    clockcount.o(i.getClockCount) refers to dfltui.o(.text) for __aeabi_ui2d
    clockcount.o(i.getClockCount) refers to dmul.o(.text) for __aeabi_dmul
    clockcount.o(i.getClockCount) refers to clockcount.o(.bss) for clockCountData
    odrive.o(i.CAN2_RX0_IRQHandler) refers to stm32f4xx_can.o(i.CAN_GetITStatus) for CAN_GetITStatus
    odrive.o(i.CAN2_RX0_IRQHandler) refers to stm32f4xx_can.o(i.CAN_ClearITPendingBit) for CAN_ClearITPendingBit
    odrive.o(i.CAN2_RX0_IRQHandler) refers to stm32f4xx_can.o(i.CAN_ClearFlag) for CAN_ClearFlag
    odrive.o(i.CAN2_RX0_IRQHandler) refers to stm32f4xx_can.o(i.CAN_Receive) for CAN_Receive
    odrive.o(i.CAN2_RX0_IRQHandler) refers to odrive.o(i.ODReadHeartBeatData) for ODReadHeartBeatData
    odrive.o(i.CAN2_RX0_IRQHandler) refers to odrive.o(i.ODReadVbusData) for ODReadVbusData
    odrive.o(i.CAN2_RX0_IRQHandler) refers to odrive.o(i.ODReadMotorErrorData) for ODReadMotorErrorData
    odrive.o(i.CAN2_RX0_IRQHandler) refers to odrive.o(i.ODReadEncoderCountData) for ODReadEncoderCountData
    odrive.o(i.CAN2_RX0_IRQHandler) refers to odrive.o(i.ODReadEncodeEstimatesData) for ODReadEncodeEstimatesData
    odrive.o(i.CAN2_RX0_IRQHandler) refers to odrive.o(i.ODReadEncodeErrorData) for ODReadEncodeErrorData
    odrive.o(i.CAN2_RX0_IRQHandler) refers to odrive.o(i.ODReadLimitData) for ODReadLimitData
    odrive.o(i.CAN2_RX0_IRQHandler) refers to odrive.o(i.ODReadPos_gainData) for ODReadPos_gainData
    odrive.o(i.CAN2_RX0_IRQHandler) refers to odrive.o(i.ODReadVel_gainsData) for ODReadVel_gainsData
    odrive.o(i.CAN2_RX0_IRQHandler) refers to odrive.o(i.ODReadTempData) for ODReadTempData
    odrive.o(i.CAN2_RX0_IRQHandler) refers to odrive.o(.data) for rxbuf2
    odrive.o(i.CAN2_RX0_IRQHandler) refers to odrive.o(.bss) for OdriveData
    odrive.o(i.CAN2_RX0_IRQHandler) refers to app.o(.data) for OdriveLifeFlag
    odrive.o(i.CAN2_TX_IRQHandler) refers to stm32f4xx_can.o(i.CAN_GetITStatus) for CAN_GetITStatus
    odrive.o(i.CAN2_TX_IRQHandler) refers to stm32f4xx_can.o(i.CAN_ClearITPendingBit) for CAN_ClearITPendingBit
    odrive.o(i.ODChangePos_gain) refers to odrive.o(i.ODSendPos_gainData) for ODSendPos_gainData
    odrive.o(i.ODChangePos_gain) refers to odrive.o(.bss) for OdriveData
    odrive.o(i.ODChangeVel_gain) refers to odrive.o(i.ODSendVel_gainsData) for ODSendVel_gainsData
    odrive.o(i.ODChangeVel_gain) refers to odrive.o(.bss) for OdriveData
    odrive.o(i.ODClearError) refers to odrive.o(i.OdriveSend_RemoteCmd) for OdriveSend_RemoteCmd
    odrive.o(i.ODClearError) refers to odrive.o(.bss) for OdriveData
    odrive.o(i.ODFlashSave) refers to odrive.o(i.OdriveSend_RemoteCmd) for OdriveSend_RemoteCmd
    odrive.o(i.ODFlashSave) refers to odrive.o(.bss) for OdriveData
    odrive.o(i.ODRESET_ODRIVE) refers to odrive.o(i.OdriveSend_RemoteCmd) for OdriveSend_RemoteCmd
[...]
    FrontCarPositionHead                     0x20000298   Data           2  app.o(.data)
    CarPositionPocket                        0x2000029a   Data           2  app.o(.data)
    CarDistance                              0x2000029c   Data           2  app.o(.data)
    SendDataFlag                             0x2000029e   Data           1  app.o(.data)
    ReciveRightFlag                          0x2000029f   Data           1  app.o(.data)
    CarSignalNum                             0x200002a0   Data           1  app.o(.data)
    TrainBasketPosition                      0x200002a2   Data           2  app.o(.data)
    gPowerValueFloat                         0x200002a4   Data           4  app.o(.data)
    powervol                                 0x200002a8   Data           2  app.o(.data)
    gCarBatPower                             0x200002ac   Data           4  app.o(.data)
    carpower                                 0x200002b0   Data           2  app.o(.data)
    ST1ACKFlag                               0x200002b2   Data           1  app.o(.data)
    TrainApplyForExitFlag                    0x200002b3   Data           1  app.o(.data)
    BreakCargo                               0x200002b4   Data           1  app.o(.data)
    CarGo                                    0x200002b5   Data           1  app.o(.data)
    CarBack                                  0x200002b6   Data           1  app.o(.data)
    ScranTrain                               0x200002b7   Data           1  app.o(.data)
    StionStop                                0x200002b8   Data           1  app.o(.data)
    CarDirection                             0x200002b9   Data           1  app.o(.data)
    IDMaxNum                                 0x200002ba   Data           2  app.o(.data)
    CarScranFlag                             0x200002bc   Data           1  app.o(.data)
    TrainRestFlag                            0x200002bd   Data           1  app.o(.data)
    CarDriveFlag                             0x200002be   Data           1  app.o(.data)
    NowCarGoACK                              0x200002bf   Data           1  app.o(.data)
    ChargeACK                                0x200002c0   Data           1  app.o(.data)
    StopAddrFlag                             0x200002c1   Data           1  app.o(.data)
    TrainRestACK                             0x200002c2   Data           1  app.o(.data)
    BoxesDieStop                             0x200002c3   Data           1  app.o(.data)
    ApplicationtTavel                        0x200002c4   Data           1  app.o(.data)
    ForceTravel1                             0x200002c5   Data           1  app.o(.data)
    ForceTravel2                             0x200002c6   Data           1  app.o(.data)
    ForceTravel3                             0x200002c7   Data           1  app.o(.data)
    ConfigrationFlag                         0x200002c8   Data           1  app.o(.data)
    InStationFlag                            0x200002c9   Data           1  app.o(.data)
    InStationCount                           0x200002ca   Data           1  app.o(.data)
    CarInStationFlag                         0x200002cb   Data           1  app.o(.data)
    CarInStationDieStop                      0x200002cc   Data           1  app.o(.data)
    CarInStationCount                        0x200002cd   Data           1  app.o(.data)
    LDDelayFlag                              0x200002ce   Data           1  app.o(.data)
    LD_Step                                  0x200002cf   Data           1  app.o(.data)
    OdriveLifeFlag                           0x200002d0   Data           1  app.o(.data)
    BasketLifeFlag                           0x200002d4   Data           4  app.o(.data)
    ReadDataFlag                             0x200002d8   Data           1  app.o(.data)
    CanSendCoount                            0x200002d9   Data           1  app.o(.data)
    ChargePosition                           0x200002da   Data           2  app.o(.data)
    ChargeFlag                               0x200002dc   Data           1  app.o(.data)
    WhyStoping                               0x200002dd   Data           1  app.o(.data)
    SensorLD                                 0x200002de   Data           1  app.o(.data)
    CaseNum                                  0x200002e0   Data           2  app.o(.data)
    Pocket4                                  0x200002e2   Data           1  app.o(.data)
    TrainBasketMaxNum                        0x200002e3   Data           1  app.o(.data)
    TrainMode                                0x200002e4   Data           1  app.o(.data)
    HigSpeed                                 0x200002e5   Data           1  app.o(.data)
    MidSpeed                                 0x200002e6   Data           1  app.o(.data)
    LowSpeed                                 0x200002e7   Data           1  app.o(.data)
    OutStationQuicken                        0x200002e8   Data           1  app.o(.data)
    FollowHigSpeed                           0x200002e9   Data           1  app.o(.data)
    FollowMidSpeed                           0x200002ea   Data           1  app.o(.data)
    FollowLowSpeed                           0x200002eb   Data           1  app.o(.data)
    InStationHigtoMidSpeed                   0x200002ec   Data           1  app.o(.data)
    InStationMidtoLowSpeed                   0x200002ed   Data           1  app.o(.data)
    TrainMaxNum                              0x200002ee   Data           1  app.o(.data)
    RecycleCaseNum                           0x200002f0   Data           2  app.o(.data)
    MFContralZS                              0x200002f2   Data           1  app.o(.data)
    MFContralDS                              0x200002f3   Data           1  app.o(.data)
    TrainHeadNum                             0x200002f4   Data           1  app.o(.data)
    WorkOffFlag                              0x200002f5   Data           1  app.o(.data)
    count                                    0x200002f8   Data           4  app.o(.data)
    i                                        0x200002fc   Data           1  app.o(.data)
    Uart2_Rx_length                          0x20000300   Data           2  state.o(.data)
    Uart2_Tx_length                          0x20000302   Data           2  state.o(.data)
    Uart1_Rx_length                          0x20000304   Data           2  state.o(.data)
    Uart1_Tx_length                          0x20000306   Data           2  state.o(.data)
    TrainWarning                             0x20000308   Data           1  state.o(.data)
    SensorWarning                            0x20000309   Data           1  state.o(.data)
    SensorWarningDelay1                      0x2000030a   Data           2  state.o(.data)
    SensorWarningDelay2                      0x2000030c   Data           2  state.o(.data)
    SensorWarningDelay3                      0x2000030e   Data           2  state.o(.data)
    SensorWarningDelay4                      0x20000310   Data           2  state.o(.data)
    SensorWarningDelay5                      0x20000312   Data           2  state.o(.data)
    SensorWarningDelay6                      0x20000314   Data           2  state.o(.data)
    SensorWarningDelay7                      0x20000316   Data           2  state.o(.data)
    SensorWarningDelay8                      0x20000318   Data           2  state.o(.data)
    TrainDircition                           0x2000031a   Data           1  state.o(.data)
    TrainState                               0x2000031b   Data           1  state.o(.data)
    TrainStateOld                            0x2000031c   Data           1  state.o(.data)
    StepState                                0x2000031d   Data           1  state.o(.data)
    StepSt0                                  0x2000031e   Data           1  state.o(.data)
    CarGoGoFlag                              0x2000031f   Data           1  state.o(.data)
    PocketStep                               0x20000320   Data           1  state.o(.data)
    OldTrainState                            0x20000321   Data           1  state.o(.data)
    NewTrainState                            0x20000322   Data           1  state.o(.data)
    zeroCount                                0x20000323   Data           1  state.o(.data)
    zeroFlag                                 0x20000324   Data           1  state.o(.data)
    TrainMileage                             0x20000328   Data           4  state.o(.data)
    OldTrainMileage                          0x2000032c   Data           4  state.o(.data)
    vofa_sendFlag                            0x20000330   Data           1  state.o(.data)
    BasketNumber                             0x20000331   Data           1  state.o(.data)
    DeliverResulBasketNumber                 0x20000332   Data           1  state.o(.data)
    MoterBrakeFlag                           0x20000333   Data           1  state.o(.data)
    MoterBrakeFlagH                          0x20000334   Data           1  state.o(.data)
    BreakStopFlag                            0x20000335   Data           1  state.o(.data)
    GoTrainflag                              0x20000336   Data           1  state.o(.data)
    TravelCommand                            0x20000337   Data           1  state.o(.data)
    ApplicationAddrFlag                      0x20000338   Data           1  state.o(.data)
    Reply_Result_Flag                        0x20000339   Data           1  state.o(.data)
    SendDataBuf1                             0x2000033a   Data           7  state.o(.data)
    SendDataBuf4                             0x20000341   Data           6  state.o(.data)
    SendDataBuf5                             0x20000347   Data           6  state.o(.data)
    SendDataBuf7                             0x2000034d   Data           6  state.o(.data)
    TimerSendDataCount                       0x20000353   Data           1  state.o(.data)
    SendCount                                0x20000354   Data           1  state.o(.data)
    DelaySendFlag                            0x20000355   Data           1  state.o(.data)
    CageNumber                               0x20000356   Data           2  state.o(.data)
    WIFIdatalen                              0x20000358   Data           1  state.o(.data)
    IntermediateVariable1                    0x20000359   Data           1  state.o(.data)
    IntermediateVariable2                    0x2000035a   Data           1  state.o(.data)
    StopLG                                   0x2000035c   Data           2  state.o(.data)
    StopLGFlag                               0x2000035e   Data           1  state.o(.data)
    ShieldBasket                             0x2000035f   Data           1  state.o(.data)
    RecycleBasket                            0x20000360   Data           1  state.o(.data)
    RecycleBasketFlag                        0x20000361   Data           1  state.o(.data)
    CanSendOutStationFlag                    0x20000362   Data           1  state.o(.data)
    CanSendOutStationDelay                   0x20000364   Data           2  state.o(.data)
    MBSpeed                                  0x20000368   Data           4  state.o(.data)
    MBSpeedOld                               0x2000036c   Data           4  state.o(.data)
    MBSpeeddelay                             0x20000370   Data           2  state.o(.data)
    SendUDPDataDelay200ms                    0x20000372   Data           1  state.o(.data)
    SendUDPDataDelay100ms                    0x20000373   Data           1  state.o(.data)
    SendUDPDataDelay50ms                     0x20000374   Data           1  state.o(.data)
    SendUDPDataDelay30ms                     0x20000375   Data           1  state.o(.data)
    HeartDelayCount                          0x20000376   Data           1  state.o(.data)
    SendCanDataDelayCnt                      0x20000377   Data           1  state.o(.data)
    WIFISendDataDelayCount                   0x20000378   Data           1  state.o(.data)
    AlltrainST1Flag                          0x20000379   Data           1  state.o(.data)
    trainST1Flag                             0x2000037a   Data           1  state.o(.data)
    CheckSumAPP                              0x2000037c   Data           4  state.o(.data)
    CheckSumAPP1                             0x20000380   Data           4  state.o(.data)
    CheckSumAPP2                             0x20000384   Data           4  state.o(.data)
    wer                                      0x20000388   Data           1  state.o(.data)
    TrainSetingFlag                          0x20000389   Data           1  state.o(.data)
    HeartAckFlag                             0x2000038a   Data           1  state.o(.data)
    HeartAckDelay                            0x2000038c   Data           4  state.o(.data)
    test121                                  0x20000390   Data           1  state.o(.data)
    test123                                  0x20000391   Data           1  state.o(.data)
    test124                                  0x20000392   Data           1  state.o(.data)
    JNDtest                                  0x20000393   Data           1  state.o(.data)
    MyADC_Buff                               0x20000394   Data           4  myadc.o(.data)
    ADC_Value                                0x20000398   Data           4  myadc.o(.data)
    gGetAdcCounter                           0x2000039c   Data           2  myadc.o(.data)
    Remote_Keyvalue                          0x200003a0   Data           2  remote.o(.data)
    RmtSta                                   0x200003a2   Data           1  remote.o(.data)
    Dval                                     0x200003a4   Data           2  remote.o(.data)
    RmtRec                                   0x200003a8   Data           4  remote.o(.data)
    RmtCnt                                   0x200003ac   Data           1  remote.o(.data)
    clockClass                               0x200003ad   Data           4  driver_clockcount.o(.data)
    CmdBuff                                  0x200003b8   Data           8  driver_usbvcp.o(.data)
    APP_Rx_ptr_in                            0x200003c0   Data           4  driver_usbvcp.o(.data)
    APP_Rx_ptr_out                           0x200003c4   Data           4  driver_usbvcp.o(.data)
    APP_Rx_length                            0x200003c8   Data           4  driver_usbvcp.o(.data)
    USB_Tx_State                             0x200003cc   Data           1  driver_usbvcp.o(.data)
    USBD_CDC_cb                              0x200003d8   Data          44  driver_usbvcp.o(.data)
    usbd_cdc_CfgDesc                         0x20000404   Data          67  driver_usbvcp.o(.data)
    VCP_fops                                 0x20000448   Data          20  driver_usbvcp.o(.data)
    USR_desc                                 0x2000045c   Data          28  driver_usbvcp.o(.data)
    USBD_DeviceDesc                          0x20000478   Data          18  driver_usbvcp.o(.data)
    USBD_DeviceQualifierDesc                 0x2000048a   Data          10  driver_usbvcp.o(.data)
    USBD_LangIDDesc                          0x20000494   Data           4  driver_usbvcp.o(.data)
    USBD_StringSerial                        0x20000498   Data          26  driver_usbvcp.o(.data)
    USR_cb                                   0x200004b4   Data          28  driver_usbvcp.o(.data)
    usbStatus                                0x200004d0   Data           1  driver_usbvcp.o(.data)
    usbPreemptionPriority                    0x200004d1   Data           1  driver_usbvcp.o(.data)
    usbSubPriority                           0x200004d2   Data           1  driver_usbvcp.o(.data)
    flag                                     0x200004d8   Data           1  usartx.o(.data)
    g_usart1_recv_cnt                        0x200004dc   Data           4  usartx.o(.data)
    g_usart3_recv_cnt                        0x200004e0   Data           4  usartx.o(.data)
    g_usart4_recv_cnt                        0x200004e4   Data           4  usartx.o(.data)
    __stdout                                 0x200004e8   Data           4  usartx.o(.data)
    USART_RX_STA                             0x200004ec   Data           2  usartx.o(.data)
    pxCurrentTCB                             0x20000528   Data           4  tasks.o(.data)
    SET_TEST_MODE                            0x20000580   Data           4  usbd_core.o(.data)
    USBD_DCD_INT_cb                          0x20000584   Data          44  usbd_core.o(.data)
    USBD_DCD_INT_fops                        0x200005b0   Data           4  usbd_core.o(.data)
    USBD_ep_status                           0x200005b4   Data           4  usbd_req.o(.data)
    USBD_default_cfg                         0x200005b8   Data           4  usbd_req.o(.data)
    USBD_cfg_status                          0x200005bc   Data           4  usbd_req.o(.data)
    heapUsed                                 0x200005c4   Data           4  util.o(.data)
    heapHighWater                            0x200005c8   Data           4  util.o(.data)
    dataSramUsed                             0x200005cc   Data           4  util.o(.data)
    numStacks                                0x200005d0   Data           4  util.o(.data)
    __microlib_freelist                      0x200005d4   Data           4  mvars.o(.data)
    __microlib_freelist_initialised          0x200005d8   Data           4  mvars.o(.data)
    controlData                              0x200005dc   Data          12  control.o(.bss)
    OdriveData                               0x200005e8   Data         177  odrive.o(.bss)
    OdReceivedData                           0x20000699   Data         344  odrive.o(.bss)
    buf                                      0x200007f4   Data          40  odrive.o(.bss)
    ODSendData                               0x2000081c   Data           9  odrive.o(.bss)
    supervisorData                           0x20000860   Data          83  supervisor.o(.bss)
    PIDA                                     0x200008b4   Data          72  pid.o(.bss)
    balanceData                              0x200008fc   Data          13  balance.o(.bss)
    EW                                       0x20000909   Data          22  balance.o(.bss)
    NFC                                      0x2000091f   Data          16  balance.o(.bss)
    mypid                                    0x2000092f   Data         108  balance.o(.bss)
    XHCData                                  0x2000099b   Data           9  xhc_task.o(.bss)
    CAN2Data                                 0x200009a4   Data           9  can2_task.o(.bss)
    can1_rx_msg                              0x200009b0   Data          20  can2_task.o(.bss)
    RxMessage                                0x200009c4   Data          20  app.o(.bss)
    TxMessage                                0x200009d8   Data          20  app.o(.bss)
    GetSpeedVaule                            0x200009ec   Data         120  app.o(.bss)
    gCheckHeartLiveCount                     0x20000a64   Data          42  app.o(.bss)
    AppSendAddr                              0x20000a90   Data          84  app.o(.bss)
    AddrAckState                             0x20000ae4   Data          42  app.o(.bss)
    LastDeliverResultNum                     0x20000b10   Data          84  app.o(.bss)
    LGTimerCntBuff                           0x20000b64   Data          84  app.o(.bss)
    LastPoketNum                             0x20000bb8   Data          42  app.o(.bss)
    DeliverResultTimer                       0x20000be2   Data          42  app.o(.bss)
    BasketError                              0x20000c0c   Data          24  app.o(.bss)
    Icount                                   0x20000c24   Data          21  app.o(.bss)
    Icount1                                  0x20000c39   Data          21  app.o(.bss)
    Icount2                                  0x20000c4e   Data          21  app.o(.bss)
    Uart2_Rx                                 0x20000c63   Data        1074  state.o(.bss)
    Uart2_Tx                                 0x20001095   Data         256  state.o(.bss)
    Uart1_Rx                                 0x20001195   Data        1074  state.o(.bss)
    Uart1_Tx                                 0x200015c7   Data         256  state.o(.bss)
    SendDataBuf2                             0x200016c7   Data         180  state.o(.bss)
    SendDataBuf3                             0x2000177b   Data          90  state.o(.bss)
    SendDataBuf6                             0x200017d5   Data          27  state.o(.bss)
    SendDataBuf8                             0x200017f0   Data          18  state.o(.bss)
    SendDataBuf9                             0x20001802   Data          30  state.o(.bss)
    SendDataBuf10                            0x20001820   Data          50  state.o(.bss)
    SendDataBuf11                            0x20001852   Data          10  state.o(.bss)
    SendDataBuf12                            0x2000185c   Data          10  state.o(.bss)
    SendDataBuf13                            0x20001866   Data          10  state.o(.bss)
    SendDataBuf14                            0x20001870   Data          10  state.o(.bss)
    SendDataBuf15                            0x2000187a   Data          10  state.o(.bss)
    SendDataBuf16                            0x20001884   Data          10  state.o(.bss)
    WIFISendDataBuf                          0x2000188e   Data         150  state.o(.bss)
    garry_ch0                                0x20001924   Data          20  myadc.o(.bss)
    usbd_cdc_OtherCfgDesc                    0x20001938   Data          67  driver_usbvcp.o(.bss)
    USB_Rx_Buffer                            0x2000197b   Data          64  driver_usbvcp.o(.bss)
    APP_Rx_Buffer                            0x200019bb   Data        2048  driver_usbvcp.o(.bss)
    USBD_StrDesc                             0x200021bb   Data         255  driver_usbvcp.o(.bss)
    USB_OTG_dev                              0x200022bc   Data        1524  driver_usbvcp.o(.bss)
    Send_Data                                0x200028b0   Data          48  usartx.o(.bss)
    Receive_Data                             0x200028e0   Data          32  usartx.o(.bss)
    g_usart1_recv_buf                        0x20002900   Data         400  usartx.o(.bss)
    g_usart1_send_buf                        0x20002a90   Data         200  usartx.o(.bss)
    g_usart3_recv_buf                        0x20002b58   Data         400  usartx.o(.bss)
    g_usart4_recv_buf                        0x20002ce8   Data         400  usartx.o(.bss)
    g_usart3_send_buf                        0x20002e78   Data         200  usartx.o(.bss)
    USART_RX_BUF                             0x20002f40   Data         200  usartx.o(.bss)
    xQueueRegistry                           0x200123f0   Data          64  queue.o(.bss)
    __heap_base                              0x20012600   Data           0  startup_stm32f40_41xxx.o(HEAP)
    __heap_limit                             0x20014600   Data           0  startup_stm32f40_41xxx.o(HEAP)
    __initial_sp                             0x20014a00   Data           0  startup_stm32f40_41xxx.o(STACK)



==============================================================================

Memory Map of the image

  Image Entry point : 0x08010189

  Load Region LR_IROM1 (Base: 0x08010000, Size: 0x0001085c, Max: 0x00100000, ABSOLUTE, COMPRESSED[0x000103cc])

    Execution Region ER_IROM1 (Exec base: 0x08010000, Load base: 0x08010000, Size: 0x00010280, Max: 0x00100000, ABSOLUTE)

    Exec Addr    Load Addr    Size         Type   Attr      Idx    E Section Name        Object

    0x08010000   0x08010000   0x00000188   Data   RO         9207    RESET               startup_stm32f40_41xxx.o
    0x08010188   0x08010188   0x00000000   Code   RO         9698  * .ARM.Collect$$$$00000000  mc_w.l(entry.o)
    0x08010188   0x08010188   0x00000004   Code   RO        10049    .ARM.Collect$$$$00000001  mc_w.l(entry2.o)
    0x0801018c   0x0801018c   0x00000004   Code   RO        10052    .ARM.Collect$$$$00000004  mc_w.l(entry5.o)
    0x08010190   0x08010190   0x00000000   Code   RO        10054    .ARM.Collect$$$$00000008  mc_w.l(entry7b.o)
    0x08010190   0x08010190   0x00000000   Code   RO        10056    .ARM.Collect$$$$0000000A  mc_w.l(entry8b.o)
    0x08010190   0x08010190   0x00000008   Code   RO        10057    .ARM.Collect$$$$0000000B  mc_w.l(entry9a.o)
    0x08010198   0x08010198   0x00000004   Code   RO        10064    .ARM.Collect$$$$0000000E  mc_w.l(entry12b.o)
    0x0801019c   0x0801019c   0x00000000   Code   RO        10059    .ARM.Collect$$$$0000000F  mc_w.l(entry10a.o)
    0x0801019c   0x0801019c   0x00000000   Code   RO        10061    .ARM.Collect$$$$00000011  mc_w.l(entry11a.o)
    0x0801019c   0x0801019c   0x00000004   Code   RO        10050    .ARM.Collect$$$$00002712  mc_w.l(entry2.o)
    0x080101a0   0x080101a0   0x000000be   Code   RO         6749    .emb_text           port.o
    0x0801025e   0x0801025e   0x00000002   PAD
    0x08010260   0x08010260   0x00000024   Code   RO         9208    .text               startup_stm32f40_41xxx.o
    0x08010284   0x08010284   0x00000024   Code   RO         9701    .text               mc_w.l(memcpya.o)
    0x080102a8   0x080102a8   0x00000024   Code   RO         9703    .text               mc_w.l(memseta.o)
    0x080102cc   0x080102cc   0x0000001e   Code   RO         9709    .text               mc_w.l(strncmp.o)
    0x080102ea   0x080102ea   0x00000002   PAD
    0x080102ec   0x080102ec   0x00000038   Code   RO        10002    .text               mc_w.l(__0sscanf.o)
    0x08010324   0x08010324   0x0000014c   Code   RO        10004    .text               mc_w.l(_scanf_int.o)
    0x08010470   0x08010470   0x00000360   Code   RO        10006    .text               mc_w.l(scanf_fp.o)
    0x080107d0   0x080107d0   0x0000014e   Code   RO        10010    .text               mf_w.l(dadd.o)
    0x0801091e   0x0801091e   0x000000e4   Code   RO        10012    .text               mf_w.l(dmul.o)
    0x08010a02   0x08010a02   0x000000de   Code   RO        10014    .text               mf_w.l(ddiv.o)
    0x08010ae0   0x08010ae0   0x0000001a   Code   RO        10018    .text               mf_w.l(dfltui.o)
    0x08010afa   0x08010afa   0x00000032   Code   RO        10020    .text               mf_w.l(dfixui.o)
    0x08010b2c   0x08010b2c   0x00000026   Code   RO        10022    .text               mf_w.l(f2d.o)
    0x08010b52   0x08010b52   0x00000002   PAD
    0x08010b54   0x08010b54   0x00000030   Code   RO        10024    .text               mf_w.l(cdcmple.o)
    0x08010b84   0x08010b84   0x00000030   Code   RO        10026    .text               mf_w.l(cdrcmple.o)
    0x08010bb4   0x08010bb4   0x00000038   Code   RO        10028    .text               mf_w.l(d2f.o)
    0x08010bec   0x08010bec   0x0000002c   Code   RO        10065    .text               mc_w.l(uidiv.o)
    0x08010c18   0x08010c18   0x00000062   Code   RO        10067    .text               mc_w.l(uldiv.o)
    0x08010c7a   0x08010c7a   0x0000001e   Code   RO        10069    .text               mc_w.l(llshl.o)
    0x08010c98   0x08010c98   0x00000020   Code   RO        10071    .text               mc_w.l(llushr.o)
    0x08010cb8   0x08010cb8   0x00000024   Code   RO        10073    .text               mc_w.l(llsshr.o)
    0x08010cdc   0x08010cdc   0x0000001c   Code   RO        10084    .text               mc_w.l(_chval.o)
    0x08010cf8   0x08010cf8   0x00000028   Code   RO        10086    .text               mc_w.l(scanf_char.o)
    0x08010d20   0x08010d20   0x00000040   Code   RO        10088    .text               mc_w.l(_sgetc.o)
    0x08010d60   0x08010d60   0x00000000   Code   RO        10090    .text               mc_w.l(iusefp.o)
    0x08010d60   0x08010d60   0x0000006e   Code   RO        10091    .text               mf_w.l(fepilogue.o)
    0x08010dce   0x08010dce   0x000000ba   Code   RO        10093    .text               mf_w.l(depilogue.o)
    0x08010e88   0x08010e88   0x00000018   Code   RO        10097    .text               mf_w.l(dfltul.o)
    0x08010ea0   0x08010ea0   0x00000030   Code   RO        10099    .text               mf_w.l(dfixul.o)
    0x08010ed0   0x08010ed0   0x00000024   Code   RO        10103    .text               mc_w.l(init.o)
    0x08010ef4   0x08010ef4   0x0000000a   Code   RO        10105    .text               mc_w.l(isspace_c.o)
    0x08010efe   0x08010efe   0x00000002   PAD
    0x08010f00   0x08010f00   0x00000330   Code   RO        10107    .text               mc_w.l(_scanf.o)
    0x08011230   0x08011230   0x00000028   Code   RO        10109    .text               mc_w.l(ctype_c.o)
    0x08011258   0x08011258   0x00000056   Code   RO        10120    .text               mc_w.l(__dczerorl2.o)
    0x080112ae   0x080112ae   0x00000016   Code   RO         3700    i.ADC_Cmd           stm32f4xx_adc.o
    0x080112c4   0x080112c4   0x00000030   Code   RO         3701    i.ADC_CommonInit    stm32f4xx_adc.o
    0x080112f4   0x080112f4   0x0000000c   Code   RO         3702    i.ADC_CommonStructInit  stm32f4xx_adc.o
    0x08011300   0x08011300   0x00000016   Code   RO         3704    i.ADC_DMACmd        stm32f4xx_adc.o
    0x08011316   0x08011316   0x00000016   Code   RO         3705    i.ADC_DMARequestAfterLastTransferCmd  stm32f4xx_adc.o
    0x0801132c   0x0801132c   0x00000054   Code   RO         3720    i.ADC_Init          stm32f4xx_adc.o
    0x08011380   0x08011380   0x000000b8   Code   RO         3725    i.ADC_RegularChannelConfig  stm32f4xx_adc.o
    0x08011438   0x08011438   0x0000000a   Code   RO         3727    i.ADC_SoftwareStartConv  stm32f4xx_adc.o
    0x08011442   0x08011442   0x00000014   Code   RO         3729    i.ADC_StructInit    stm32f4xx_adc.o
    0x08011456   0x08011456   0x00000002   PAD
    0x08011458   0x08011458   0x00000080   Code   RO         1489    i.ADDRACKToApp      state.o
    0x080114d8   0x080114d8   0x00000044   Code   RO         1490    i.ApplicationCommandUart1  state.o
    0x0801151c   0x0801151c   0x000000cc   Code   RO         1491    i.ApplyForExit      state.o
    0x080115e8   0x080115e8   0x000000fc   Code   RO         2731    i.BSP_CAN_Mode_Init  bsp_can.o
    0x080116e4   0x080116e4   0x0000002c   Code   RO         2732    i.BSP_CAN_RCC_Init  bsp_can.o
    0x08011710   0x08011710   0x0000008c   Code   RO         2847    i.BSP_GPIO_Init     bsp_gpio.o
    0x0801179c   0x0801179c   0x0000009c   Code   RO         2848    i.BSP_GPIO_RCC_Init  bsp_gpio.o
    0x08011838   0x08011838   0x00000062   Code   RO         2953    i.BSP_TIM_INT_Init  bsp_timer.o
    0x0801189a   0x0801189a   0x00000002   PAD
    0x0801189c   0x0801189c   0x00000118   Code   RO         2955    i.BSP_TIM_RCC_Init  bsp_timer.o
    0x080119b4   0x080119b4   0x0000003c   Code   RO         1493    i.BanStationAck     state.o
    0x080119f0   0x080119f0   0x00000004   Code   RO         6337    i.BusFault_Handler  stm32f4xx_it.o
    0x080119f4   0x080119f4   0x00000068   Code   RO         1173    i.CAN1_RX0_IRQHandler  can2_task.o
    0x08011a5c   0x08011a5c   0x00000024   Code   RO         1174    i.CAN1_TX_IRQHandler  can2_task.o
    0x08011a80   0x08011a80   0x00000038   Code   RO         1175    i.CAN2DataInit      can2_task.o
    0x08011ab8   0x08011ab8   0x00000118   Code   RO         2735    i.CAN2_Mode_Init    bsp_can.o
    0x08011bd0   0x08011bd0   0x00000360   Code   RO          567    i.CAN2_RX0_IRQHandler  odrive.o
    0x08011f30   0x08011f30   0x0000001c   Code   RO          568    i.CAN2_TX_IRQHandler  odrive.o
    0x08011f4c   0x08011f4c   0x000000d0   Code   RO         1176    i.CAN2_TaskGlobalInit  can2_task.o
    0x0801201c   0x0801201c   0x0000062c   Code   RO         1177    i.CAN2_TaskUpdateTask  can2_task.o
    0x08012648   0x08012648   0x00000038   Code   RO         3941    i.CAN_ClearFlag     stm32f4xx_can.o
    0x08012680   0x08012680   0x000000a8   Code   RO         3942    i.CAN_ClearITPendingBit  stm32f4xx_can.o
    0x08012728   0x08012728   0x00000038   Code   RO         3944    i.CAN_DeInit        stm32f4xx_can.o
    0x08012760   0x08012760   0x00000108   Code   RO         3946    i.CAN_FilterInit    stm32f4xx_can.o
    0x08012868   0x08012868   0x00000120   Code   RO         3948    i.CAN_GetITStatus   stm32f4xx_can.o
    0x08012988   0x08012988   0x00000012   Code   RO         3952    i.CAN_ITConfig      stm32f4xx_can.o
    0x0801299a   0x0801299a   0x00000114   Code   RO         3953    i.CAN_Init          stm32f4xx_can.o
    0x08012aae   0x08012aae   0x000000f0   Code   RO         3956    i.CAN_Receive       stm32f4xx_can.o
    0x08012b9e   0x08012b9e   0x00000002   PAD
    0x08012ba0   0x08012ba0   0x00000034   Code   RO         3957    i.CAN_SlaveStartBank  stm32f4xx_can.o
    0x08012bd4   0x08012bd4   0x00000020   Code   RO         3959    i.CAN_StructInit    stm32f4xx_can.o
    0x08012bf4   0x08012bf4   0x00000020   Code   RO         2736    i.CAN_TO_NVIC_IRQChannel  bsp_can.o
    0x08012c14   0x08012c14   0x00000126   Code   RO         3961    i.CAN_Transmit      stm32f4xx_can.o
    0x08012d3a   0x08012d3a   0x00000002   PAD
    0x08012d3c   0x08012d3c   0x000000a0   Code   RO         3962    i.CAN_TransmitStatus  stm32f4xx_can.o
    0x08012ddc   0x08012ddc   0x00000020   Code   RO         2737    i.CANx_TO_GPIO_AF   bsp_can.o
    0x08012dfc   0x08012dfc   0x00000080   Code   RO         1494    i.CanSendDataTask   state.o
    0x08012e7c   0x08012e7c   0x000000b0   Code   RO         1495    i.Can_Send_Config   state.o
    0x08012f2c   0x08012f2c   0x00000134   Code   RO         1496    i.Can_Send_Distribute  state.o
    0x08013060   0x08013060   0x000000d4   Code   RO         1497    i.Can_Send_OutStation  state.o
    0x08013134   0x08013134   0x00000094   Code   RO         1498    i.Can_Send_ReciveResult  state.o
    0x080131c8   0x080131c8   0x00000044   Code   RO         1499    i.CarRestACK        state.o
    0x0801320c   0x0801320c   0x00000044   Code   RO         1500    i.ChargeACKData     state.o
    0x08013250   0x08013250   0x0000016c   Code   RO         1231    i.ChargeStop        app.o
    0x080133bc   0x080133bc   0x0000032c   Code   RO         1232    i.CheckCarCanCmd    app.o
    0x080136e8   0x080136e8   0x00000012   Code   RO         3964    i.CheckITStatus     stm32f4xx_can.o
    0x080136fa   0x080136fa   0x0000004a   Code   RO         7973    i.DCD_EP_Close      usb_dcd.o
    0x08013744   0x08013744   0x00000048   Code   RO         7974    i.DCD_EP_ClrStall   usb_dcd.o
    0x0801378c   0x0801378c   0x00000068   Code   RO         7976    i.DCD_EP_Open       usb_dcd.o
    0x080137f4   0x080137f4   0x00000052   Code   RO         7977    i.DCD_EP_PrepareRx  usb_dcd.o
    0x08013846   0x08013846   0x0000001c   Code   RO         7978    i.DCD_EP_SetAddress  usb_dcd.o
    0x08013862   0x08013862   0x00000048   Code   RO         7979    i.DCD_EP_Stall      usb_dcd.o
    0x080138aa   0x080138aa   0x0000004e   Code   RO         7980    i.DCD_EP_Tx         usb_dcd.o
    0x080138f8   0x080138f8   0x00000198   Code   RO         8070    i.DCD_HandleEnumDone_ISR  usb_dcd_int.o
    0x08013a90   0x08013a90   0x00000128   Code   RO         8071    i.DCD_HandleInEP_ISR  usb_dcd_int.o
    0x08013bb8   0x08013bb8   0x00000100   Code   RO         8072    i.DCD_HandleOutEP_ISR  usb_dcd_int.o
    0x08013cb8   0x08013cb8   0x0000006c   Code   RO         8073    i.DCD_HandleResume_ISR  usb_dcd_int.o
    0x08013d24   0x08013d24   0x000000b0   Code   RO         8074    i.DCD_HandleRxStatusQueueLevel_ISR  usb_dcd_int.o
    0x08013dd4   0x08013dd4   0x0000002c   Code   RO         8075    i.DCD_HandleSof_ISR  usb_dcd_int.o
    0x08013e00   0x08013e00   0x000000a8   Code   RO         8076    i.DCD_HandleUSBSuspend_ISR  usb_dcd_int.o
    0x08013ea8   0x08013ea8   0x00000104   Code   RO         8077    i.DCD_HandleUsbReset_ISR  usb_dcd_int.o
    0x08013fac   0x08013fac   0x0000002c   Code   RO         8078    i.DCD_IsoINIncomplete_ISR  usb_dcd_int.o
    0x08013fd8   0x08013fd8   0x0000002c   Code   RO         8079    i.DCD_IsoOUTIncomplete_ISR  usb_dcd_int.o
    0x08014004   0x08014004   0x00000028   Code   RO         8080    i.DCD_ReadDevInEP   usb_dcd_int.o
    0x0801402c   0x0801402c   0x000000ac   Code   RO         8081    i.DCD_WriteEmptyTxFifo  usb_dcd_int.o
    0x080140d8   0x080140d8   0x00000034   Code   RO         5599    i.DMA_ClearFlag     stm32f4xx_dma.o
    0x0801410c   0x0801410c   0x00000016   Code   RO         5601    i.DMA_Cmd           stm32f4xx_dma.o
    0x08014122   0x08014122   0x00000002   PAD
    0x08014124   0x08014124   0x00000078   Code   RO         3177    i.DMA_Config        usartx.o
    0x0801419c   0x0801419c   0x00000158   Code   RO         5602    i.DMA_DeInit        stm32f4xx_dma.o
    0x080142f4   0x080142f4   0x00000014   Code   RO         5606    i.DMA_GetCmdStatus  stm32f4xx_dma.o
    0x08014308   0x08014308   0x00000008   Code   RO         5607    i.DMA_GetCurrDataCounter  stm32f4xx_dma.o
    0x08014310   0x08014310   0x00000044   Code   RO         5610    i.DMA_GetFlagStatus  stm32f4xx_dma.o
    0x08014354   0x08014354   0x00000058   Code   RO         5613    i.DMA_Init          stm32f4xx_dma.o
    0x080143ac   0x080143ac   0x00000022   Code   RO         5617    i.DMA_StructInit    stm32f4xx_dma.o
    0x080143ce   0x080143ce   0x00000002   Code   RO         6338    i.DebugMon_Handler  stm32f4xx_it.o
    0x080143d0   0x080143d0   0x00000098   Code   RO         1503    i.DeliverResultToApp  state.o
    0x08014468   0x08014468   0x00000178   Code   RO         1233    i.Display           app.o
    0x080145e0   0x080145e0   0x0000008c   Code   RO         1695    i.EEPROM_GPIO_Init  bsp_eeprom.o
    0x0801466c   0x0801466c   0x00000038   Code   RO         1696    i.EEPROM_NoAck      bsp_eeprom.o
    0x080146a4   0x080146a4   0x0000004e   Code   RO         1698    i.EEPROM_Read_Byte  bsp_eeprom.o
    0x080146f2   0x080146f2   0x0000001a   Code   RO         1699    i.EEPROM_Read_u16   bsp_eeprom.o
    0x0801470c   0x0801470c   0x00000058   Code   RO         1700    i.EEPROM_ReceiveByte  bsp_eeprom.o
    0x08014764   0x08014764   0x00000058   Code   RO         1701    i.EEPROM_SendByte   bsp_eeprom.o
    0x080147bc   0x080147bc   0x00000060   Code   RO         1702    i.EEPROM_Start      bsp_eeprom.o
    0x0801481c   0x0801481c   0x00000038   Code   RO         1703    i.EEPROM_Stop       bsp_eeprom.o
    0x08014854   0x08014854   0x00000050   Code   RO         1704    i.EEPROM_WaitAck    bsp_eeprom.o
    0x080148a4   0x080148a4   0x00000040   Code   RO         1706    i.EEPROM_Write_Byte  bsp_eeprom.o
    0x080148e4   0x080148e4   0x00000022   Code   RO         1707    i.EEPROM_Write_u16  bsp_eeprom.o
    0x08014906   0x08014906   0x0000000a   Code   RO         1708    i.EEPROM_delay      bsp_eeprom.o
    0x08014910   0x08014910   0x00000018   Code   RO         2415    i.EXTI0_IRQHandler  isp_exit.o
    0x08014928   0x08014928   0x00000084   Code   RO         2416    i.EXTI15_10_IRQHandler  isp_exit.o
    0x080149ac   0x080149ac   0x00000020   Code   RO         3513    i.EXTI1_IRQHandler  cigan.o
    0x080149cc   0x080149cc   0x00000018   Code   RO         2417    i.EXTI2_IRQHandler  isp_exit.o
    0x080149e4   0x080149e4   0x00000018   Code   RO         2418    i.EXTI3_IRQHandler  isp_exit.o
    0x080149fc   0x080149fc   0x00000018   Code   RO         2419    i.EXTI4_IRQHandler  isp_exit.o
    0x08014a14   0x08014a14   0x00000020   Code   RO         3514    i.EXTI9_5_IRQHandler  cigan.o
    0x08014a34   0x08014a34   0x0000000c   Code   RO         5533    i.EXTI_ClearFlag    stm32f4xx_exti.o
    0x08014a40   0x08014a40   0x0000000c   Code   RO         5534    i.EXTI_ClearITPendingBit  stm32f4xx_exti.o
    0x08014a4c   0x08014a4c   0x0000008c   Code   RO         3515    i.EXTI_Configuration  cigan.o
    0x08014ad8   0x08014ad8   0x00000018   Code   RO         5538    i.EXTI_GetITStatus  stm32f4xx_exti.o
    0x08014af0   0x08014af0   0x00000094   Code   RO         5539    i.EXTI_Init         stm32f4xx_exti.o
    0x08014b84   0x08014b84   0x0000000c   Code   RO         5851    i.FLASH_ClearFlag   stm32f4xx_flash.o
    0x08014b90   0x08014b90   0x00000024   Code   RO         5852    i.FLASH_DataCacheCmd  stm32f4xx_flash.o
    0x08014bb4   0x08014bb4   0x00000014   Code   RO         5853    i.FLASH_DataCacheReset  stm32f4xx_flash.o
    0x08014bc8   0x08014bc8   0x00000088   Code   RO         5857    i.FLASH_EraseSector  stm32f4xx_flash.o
    0x08014c50   0x08014c50   0x00000054   Code   RO         5859    i.FLASH_GetStatus   stm32f4xx_flash.o
    0x08014ca4   0x08014ca4   0x00000014   Code   RO         5863    i.FLASH_Lock        stm32f4xx_flash.o
    0x08014cb8   0x08014cb8   0x00000050   Code   RO         5887    i.FLASH_ProgramWord  stm32f4xx_flash.o
    0x08014d08   0x08014d08   0x00000024   Code   RO         5889    i.FLASH_Unlock      stm32f4xx_flash.o
    0x08014d2c   0x08014d2c   0x00000022   Code   RO         5890    i.FLASH_WaitForLastOperation  stm32f4xx_flash.o
    0x08014d4e   0x08014d4e   0x0000001e   Code   RO         3443    i.Float_to_Byte     vofa.o
    0x08014d6c   0x08014d6c   0x00000090   Code   RO         4614    i.GPIO_Init         stm32f4xx_gpio.o
    0x08014dfc   0x08014dfc   0x00000046   Code   RO         4615    i.GPIO_PinAFConfig  stm32f4xx_gpio.o
    0x08014e42   0x08014e42   0x000000a6   Code   RO         2849    i.GPIO_Pin_TO_GPIO_PinSource  bsp_gpio.o
    0x08014ee8   0x08014ee8   0x0000001a   Code   RO         2850    i.GPIO_Pin_TO_PinAFConfig  bsp_gpio.o
    0x08014f02   0x08014f02   0x00000004   Code   RO         4621    i.GPIO_ResetBits    stm32f4xx_gpio.o
    0x08014f06   0x08014f06   0x00000004   Code   RO         4622    i.GPIO_SetBits      stm32f4xx_gpio.o
    0x08014f0a   0x08014f0a   0x00000012   Code   RO         4623    i.GPIO_StructInit   stm32f4xx_gpio.o
    0x08014f1c   0x08014f1c   0x0000002c   Code   RO         1817    i.GetAdcAverage     myadc.o
    0x08014f48   0x08014f48   0x000000e4   Code   RO         9299    i.GetSector         driver_flash.o
    0x0801502c   0x0801502c   0x00000034   Code   RO         2087    i.Get_SerialNum     driver_usbvcp.o
    0x08015060   0x08015060   0x000000dc   Code   RO         2088    i.Handle_USBAsynchXfer  driver_usbvcp.o
    0x0801513c   0x0801513c   0x00000014   Code   RO         6339    i.HardFault_Handler  stm32f4xx_it.o
    0x08015150   0x08015150   0x00000240   Code   RO         1504    i.HeartToApp        state.o
    0x08015390   0x08015390   0x00000098   Code   RO         1235    i.IAP_APP_CAN_ReStart  app.o
    0x08015428   0x08015428   0x00000074   Code   RO         1237    i.IAP_Can_Send_Msg  app.o
    0x0801549c   0x0801549c   0x00000014   Code   RO         1238    i.IAP_Send_Device_ino  app.o
    0x080154b0   0x080154b0   0x00000274   Code   RO         1505    i.IO_Init           state.o
    0x08015724   0x08015724   0x000000a4   Code   RO         1506    i.InStationToAPP    state.o
    0x080157c8   0x080157c8   0x0000014c   Code   RO          930    i.Incremental_PID   pid.o
    0x08015914   0x08015914   0x0000003e   Code   RO         2089    i.IntToUnicode      driver_usbvcp.o
    0x08015952   0x08015952   0x00000002   PAD
    0x08015954   0x08015954   0x00000044   Code   RO         1507    i.JT808DataPackageSend  state.o
    0x08015998   0x08015998   0x0000008c   Code   RO         1239    i.KeyScan           app.o
    0x08015a24   0x08015a24   0x00000022   Code   RO         1240    i.LED_Tube_Choose_DisPlay1  app.o
    0x08015a46   0x08015a46   0x00000002   PAD
    0x08015a48   0x08015a48   0x00000370   Code   RO         1241    i.LoadingStation    app.o
    0x08015db8   0x08015db8   0x00000004   Code   RO         6340    i.MemManage_Handler  stm32f4xx_it.o
    0x08015dbc   0x08015dbc   0x0000003c   Code   RO         1818    i.MyADC_GetValue    myadc.o
    0x08015df8   0x08015df8   0x000000cc   Code   RO         1819    i.MyADC_Init        myadc.o
    0x08015ec4   0x08015ec4   0x00000070   Code   RO         1820    i.MyDMA_Init        myadc.o
    0x08015f34   0x08015f34   0x00000002   Code   RO         6341    i.NMI_Handler       stm32f4xx_it.o
    0x08015f36   0x08015f36   0x00000002   PAD
    0x08015f38   0x08015f38   0x00000078   Code   RO         3646    i.NVIC_Init         misc.o
    0x08015fb0   0x08015fb0   0x00000014   Code   RO         3647    i.NVIC_PriorityGroupConfig  misc.o
    0x08015fc4   0x08015fc4   0x00000090   Code   RO          570    i.ODChangePos_gain  odrive.o
    0x08016054   0x08016054   0x00000090   Code   RO          571    i.ODChangeVel_gain  odrive.o
    0x080160e4   0x080160e4   0x00000054   Code   RO          572    i.ODClearError      odrive.o
    0x08016138   0x08016138   0x00000054   Code   RO          573    i.ODFlashSave       odrive.o
    0x0801618c   0x0801618c   0x00000054   Code   RO          574    i.ODRESET_ODRIVE    odrive.o
    0x080161e0   0x080161e0   0x0000002e   Code   RO          575    i.ODReadEncodeErrorData  odrive.o
    0x0801620e   0x0801620e   0x00000058   Code   RO          576    i.ODReadEncodeEstimatesData  odrive.o
    0x08016266   0x08016266   0x00000058   Code   RO          577    i.ODReadEncoderCountData  odrive.o
    0x080162be   0x080162be   0x00000048   Code   RO          578    i.ODReadHeartBeatData  odrive.o
    0x08016306   0x08016306   0x00000058   Code   RO          579    i.ODReadLimitData   odrive.o
    0x0801635e   0x0801635e   0x0000002e   Code   RO          580    i.ODReadMotorErrorData  odrive.o
    0x0801638c   0x0801638c   0x0000002e   Code   RO          582    i.ODReadPos_gainData  odrive.o
    0x080163ba   0x080163ba   0x00000058   Code   RO          583    i.ODReadTempData    odrive.o
    0x08016412   0x08016412   0x0000004c   Code   RO          584    i.ODReadVbusData    odrive.o
    0x0801645e   0x0801645e   0x00000058   Code   RO          585    i.ODReadVel_gainsData  odrive.o
    0x080164b6   0x080164b6   0x00000002   PAD
    0x080164b8   0x080164b8   0x000000a4   Code   RO          586    i.ODRequestedState  odrive.o
    0x0801655c   0x0801655c   0x000000f6   Code   RO          587    i.ODSET_CONTROL_MODE  odrive.o
    0x08016652   0x08016652   0x00000052   Code   RO          588    i.ODSendInputCurData  odrive.o
    0x080166a4   0x080166a4   0x00000052   Code   RO          589    i.ODSendInputPosData  odrive.o
    0x080166f6   0x080166f6   0x00000002   PAD
    0x080166f8   0x080166f8   0x000000a4   Code   RO          590    i.ODSendInputVelData  odrive.o
    0x0801679c   0x0801679c   0x00000042   Code   RO          592    i.ODSendPos_gainData  odrive.o
    0x080167de   0x080167de   0x0000007c   Code   RO          593    i.ODSendVel_gainsData  odrive.o
    0x0801685a   0x0801685a   0x00000002   PAD
    0x0801685c   0x0801685c   0x00000090   Code   RO          595    i.ODSetMotorState   odrive.o
    0x080168ec   0x080168ec   0x00000010   Code   RO         2090    i.OTG_FS_IRQHandler  driver_usbvcp.o
    0x080168fc   0x080168fc   0x000000d4   Code   RO          596    i.OdriveGlobalInit  odrive.o
    0x080169d0   0x080169d0   0x00000034   Code   RO          597    i.OdriveInit        odrive.o
    0x08016a04   0x08016a04   0x0000007e   Code   RO          598    i.OdriveSendData    odrive.o
    0x08016a82   0x08016a82   0x0000005c   Code   RO          599    i.OdriveSend_RemoteCmd  odrive.o
    0x08016ade   0x08016ade   0x00000002   PAD
    0x08016ae0   0x08016ae0   0x00000188   Code   RO          937    i.Position_PID_G    pid.o
    0x08016c68   0x08016c68   0x000000b8   Code   RO         1243    i.PowerValueLedShow  app.o
    0x08016d20   0x08016d20   0x00000020   Code   RO         4107    i.RCC_AHB1PeriphClockCmd  stm32f4xx_rcc.o
    0x08016d40   0x08016d40   0x00000020   Code   RO         4116    i.RCC_APB1PeriphClockCmd  stm32f4xx_rcc.o
    0x08016d60   0x08016d60   0x00000020   Code   RO         4118    i.RCC_APB1PeriphResetCmd  stm32f4xx_rcc.o
    0x08016d80   0x08016d80   0x00000020   Code   RO         4119    i.RCC_APB2PeriphClockCmd  stm32f4xx_rcc.o
    0x08016da0   0x08016da0   0x000000e8   Code   RO         4128    i.RCC_GetClocksFreq  stm32f4xx_rcc.o
    0x08016e88   0x08016e88   0x000000fc   Code   RO         1508    i.ReadDataACK       state.o
    0x08016f84   0x08016f84   0x00000134   Code   RO         1509    i.ReadE2promData    state.o
    0x080170b8   0x080170b8   0x00000064   Code   RO         3583    i.Read_Encoder      encoder.o
    0x0801711c   0x0801711c   0x00000044   Code   RO         1510    i.RecyAck           state.o
    0x08017160   0x08017160   0x000000bc   Code   RO         1866    i.Remote_Init       remote.o
    0x0801721c   0x0801721c   0x00000060   Code   RO         1867    i.Remote_Scan       remote.o
    0x0801727c   0x0801727c   0x00000002   Code   RO         2463    i.SPI1_IRQHandler   isp_spi.o
    0x0801727e   0x0801727e   0x00000002   Code   RO         2464    i.SPI2_IRQHandler   isp_spi.o
    0x08017280   0x08017280   0x00000002   Code   RO         2465    i.SPI3_IRQHandler   isp_spi.o
    0x08017282   0x08017282   0x00000002   PAD
    0x08017284   0x08017284   0x0000003c   Code   RO         1512    i.ST1ACKToApp       state.o
    0x080172c0   0x080172c0   0x00000040   Code   RO         4718    i.SYSCFG_EXTILineConfig  stm32f4xx_syscfg.o
    0x08017300   0x08017300   0x00000044   Code   RO         1245    i.SaveData          app.o
    0x08017344   0x08017344   0x00000060   Code   RO         1246    i.Send_response     app.o
    0x080173a4   0x080173a4   0x00000340   Code   RO         3179    i.Serial1Data       usartx.o
    0x080176e4   0x080176e4   0x00000078   Code   RO         3180    i.Serial3Data       usartx.o
    0x0801775c   0x0801775c   0x0000002c   Code   RO         3181    i.Serial4Data       usartx.o
    0x08017788   0x08017788   0x0000005c   Code   RO         3182    i.Serial5Data       usartx.o
    0x080177e4   0x080177e4   0x000000ec   Code   RO         9167    i.SetSysClock       system_stm32f4xx.o
    0x080178d0   0x080178d0   0x00000038   Code   RO         1247    i.Start             app.o
    0x08017908   0x08017908   0x0000002c   Code   RO         1248    i.Stop              app.o
    0x08017934   0x08017934   0x00000034   Code   RO         6750    i.SysTick_Handler   port.o
    0x08017968   0x08017968   0x0000006c   Code   RO         9169    i.SystemInit        system_stm32f4xx.o
    0x080179d4   0x080179d4   0x0000003a   Code   RO         4967    i.TI1_Config        stm32f4xx_tim.o
    0x08017a0e   0x08017a0e   0x00000050   Code   RO         4968    i.TI2_Config        stm32f4xx_tim.o
    0x08017a5e   0x08017a5e   0x00000048   Code   RO         4969    i.TI3_Config        stm32f4xx_tim.o
    0x08017aa6   0x08017aa6   0x00000050   Code   RO         4970    i.TI4_Config        stm32f4xx_tim.o
    0x08017af6   0x08017af6   0x00000002   Code   RO         2499    i.TIM1_BRK_TIM9_IRQHandler  isp_tim.o
    0x08017af8   0x08017af8   0x00000024   Code   RO         2500    i.TIM1_UP_TIM10_IRQHandler  isp_tim.o
    0x08017b1c   0x08017b1c   0x00000380   Code   RO         1250    i.TIM2_IRQHandler   app.o
    0x08017e9c   0x08017e9c   0x000000d4   Code   RO         1251    i.TIM3_IRQHandler   app.o
    0x08017f70   0x08017f70   0x00000198   Code   RO         1868    i.TIM5_IRQHandler   remote.o
    0x08018108   0x08018108   0x00000010   Code   RO         2501    i.TIM8_BRK_TIM12_IRQHandler  isp_tim.o
    0x08018118   0x08018118   0x00000002   Code   RO         2502    i.TIM8_TRG_COM_TIM14_IRQHandler  isp_tim.o
    0x0801811a   0x0801811a   0x00000002   Code   RO         2503    i.TIM8_UP_TIM13_IRQHandler  isp_tim.o
    0x0801811c   0x0801811c   0x00000006   Code   RO         4977    i.TIM_ClearFlag     stm32f4xx_tim.o
    0x08018122   0x08018122   0x00000006   Code   RO         4978    i.TIM_ClearITPendingBit  stm32f4xx_tim.o
    0x08018128   0x08018128   0x00000018   Code   RO         4983    i.TIM_Cmd           stm32f4xx_tim.o
    0x08018140   0x08018140   0x00000006   Code   RO         4998    i.TIM_GetCapture1   stm32f4xx_tim.o
    0x08018146   0x08018146   0x00000006   Code   RO         5002    i.TIM_GetCounter    stm32f4xx_tim.o
    0x0801814c   0x0801814c   0x00000012   Code   RO         5003    i.TIM_GetFlagStatus  stm32f4xx_tim.o
    0x0801815e   0x0801815e   0x00000022   Code   RO         5004    i.TIM_GetITStatus   stm32f4xx_tim.o
    0x08018180   0x08018180   0x0000006e   Code   RO         5006    i.TIM_ICInit        stm32f4xx_tim.o
    0x080181ee   0x080181ee   0x00000012   Code   RO         5008    i.TIM_ITConfig      stm32f4xx_tim.o
    0x08018200   0x08018200   0x00000012   Code   RO         5014    i.TIM_OC1PolarityConfig  stm32f4xx_tim.o
    0x08018212   0x08018212   0x00000004   Code   RO         5049    i.TIM_SetCounter    stm32f4xx_tim.o
    0x08018216   0x08018216   0x00000012   Code   RO         5050    i.TIM_SetIC1Prescaler  stm32f4xx_tim.o
    0x08018228   0x08018228   0x0000001a   Code   RO         5051    i.TIM_SetIC2Prescaler  stm32f4xx_tim.o
    0x08018242   0x08018242   0x00000012   Code   RO         5052    i.TIM_SetIC3Prescaler  stm32f4xx_tim.o
    0x08018254   0x08018254   0x0000001a   Code   RO         5053    i.TIM_SetIC4Prescaler  stm32f4xx_tim.o
    0x0801826e   0x0801826e   0x00000002   PAD
    0x08018270   0x08018270   0x000000c4   Code   RO         2957    i.TIM_TO_NVIC_IRQChannel  bsp_timer.o
    0x08018334   0x08018334   0x00000084   Code   RO         5055    i.TIM_TimeBaseInit  stm32f4xx_tim.o
    0x080183b8   0x080183b8   0x00000060   Code   RO         1253    i.TM1620_Config     app.o
    0x08018418   0x08018418   0x00000088   Code   RO         1254    i.TM1620_Write      app.o
    0x080184a0   0x080184a0   0x0000005c   Code   RO         1255    i.TM1620_init       app.o
    0x080184fc   0x080184fc   0x00000d14   Code   RO         1513    i.TrainBusinessLogic  state.o
    0x08019210   0x08019210   0x00000c04   Code   RO         1514    i.TrainContral      state.o
    0x08019e14   0x08019e14   0x000002ec   Code   RO         1515    i.TrainFollowTrain  state.o
    0x0801a100   0x0801a100   0x0000003c   Code   RO         1516    i.TrainGoACK        state.o
    0x0801a13c   0x0801a13c   0x00000030   Code   RO         3185    i.UART4_IRQHandler  usartx.o
    0x0801a16c   0x0801a16c   0x00000030   Code   RO         3186    i.UART5_IRQHandler  usartx.o
    0x0801a19c   0x0801a19c   0x000000bc   Code   RO         3187    i.USART1_IRQHandler  usartx.o
    0x0801a258   0x0801a258   0x00000068   Code   RO         3189    i.USART2_IRQHandler  usartx.o
    0x0801a2c0   0x0801a2c0   0x00000030   Code   RO         3190    i.USART3_IRQHandler  usartx.o
    0x0801a2f0   0x0801a2f0   0x00000012   Code   RO         4775    i.USART_ClearFlag   stm32f4xx_usart.o
    0x0801a302   0x0801a302   0x0000001e   Code   RO         4776    i.USART_ClearITPendingBit  stm32f4xx_usart.o
    0x0801a320   0x0801a320   0x00000018   Code   RO         4779    i.USART_Cmd         stm32f4xx_usart.o
    0x0801a338   0x0801a338   0x00000012   Code   RO         4780    i.USART_DMACmd      stm32f4xx_usart.o
    0x0801a34a   0x0801a34a   0x00000002   PAD
    0x0801a34c   0x0801a34c   0x00000230   Code   RO         1517    i.USART_Data_Send_Task  state.o
    0x0801a57c   0x0801a57c   0x0000001a   Code   RO         4782    i.USART_GetFlagStatus  stm32f4xx_usart.o
    0x0801a596   0x0801a596   0x00000054   Code   RO         4783    i.USART_GetITStatus  stm32f4xx_usart.o
    0x0801a5ea   0x0801a5ea   0x0000004a   Code   RO         4785    i.USART_ITConfig    stm32f4xx_usart.o
    0x0801a634   0x0801a634   0x000000d4   Code   RO         4786    i.USART_Init        stm32f4xx_usart.o
    0x0801a708   0x0801a708   0x0000000a   Code   RO         4793    i.USART_ReceiveData  stm32f4xx_usart.o
    0x0801a712   0x0801a712   0x00000008   Code   RO         4796    i.USART_SendData    stm32f4xx_usart.o
    0x0801a71a   0x0801a71a   0x00000016   Code   RO         8158    i.USBD_ClrCfg       usbd_core.o
    0x0801a730   0x0801a730   0x00000048   Code   RO         8328    i.USBD_ClrFeature   usbd_req.o
    0x0801a778   0x0801a778   0x0000001e   Code   RO         8268    i.USBD_CtlContinueRx  usbd_ioreq.o
    0x0801a796   0x0801a796   0x0000001e   Code   RO         8269    i.USBD_CtlContinueSendData  usbd_ioreq.o
    0x0801a7b4   0x0801a7b4   0x0000001e   Code   RO         8329    i.USBD_CtlError     usbd_req.o
    0x0801a7d2   0x0801a7d2   0x0000002e   Code   RO         8270    i.USBD_CtlPrepareRx  usbd_ioreq.o
    0x0801a800   0x0801a800   0x00000024   Code   RO         8271    i.USBD_CtlReceiveStatus  usbd_ioreq.o
    0x0801a824   0x0801a824   0x0000002e   Code   RO         8272    i.USBD_CtlSendData  usbd_ioreq.o
    0x0801a852   0x0801a852   0x00000024   Code   RO         8273    i.USBD_CtlSendStatus  usbd_ioreq.o
    0x0801a876   0x0801a876   0x000000e8   Code   RO         8159    i.USBD_DataInStage  usbd_core.o
    0x0801a95e   0x0801a95e   0x00000096   Code   RO         8160    i.USBD_DataOutStage  usbd_core.o
    0x0801a9f4   0x0801a9f4   0x00000054   Code   RO         8330    i.USBD_GetConfig    usbd_req.o
    0x0801aa48   0x0801aa48   0x00000112   Code   RO         8331    i.USBD_GetDescriptor  usbd_req.o
    0x0801ab5a   0x0801ab5a   0x00000014   Code   RO         8332    i.USBD_GetLen       usbd_req.o
    0x0801ab6e   0x0801ab6e   0x00000002   PAD
    0x0801ab70   0x0801ab70   0x00000050   Code   RO         8333    i.USBD_GetStatus    usbd_req.o
    0x0801abc0   0x0801abc0   0x00000052   Code   RO         8334    i.USBD_GetString    usbd_req.o
    0x0801ac12   0x0801ac12   0x00000012   Code   RO         8163    i.USBD_IsoINIncomplete  usbd_core.o
    0x0801ac24   0x0801ac24   0x00000012   Code   RO         8164    i.USBD_IsoOUTIncomplete  usbd_core.o
    0x0801ac36   0x0801ac36   0x000000e0   Code   RO         8082    i.USBD_OTG_ISR_Handler  usb_dcd_int.o
    0x0801ad16   0x0801ad16   0x00000048   Code   RO         8335    i.USBD_ParseSetupRequest  usbd_req.o
    0x0801ad5e   0x0801ad5e   0x00000032   Code   RO         8165    i.USBD_Reset        usbd_core.o
    0x0801ad90   0x0801ad90   0x0000001e   Code   RO         8166    i.USBD_Resume       usbd_core.o
    0x0801adae   0x0801adae   0x00000002   PAD
    0x0801adb0   0x0801adb0   0x00000014   Code   RO         8167    i.USBD_RunTestMode  usbd_core.o
    0x0801adc4   0x0801adc4   0x0000001a   Code   RO         8168    i.USBD_SOF          usbd_core.o
    0x0801adde   0x0801adde   0x0000005c   Code   RO         8336    i.USBD_SetAddress   usbd_req.o
    0x0801ae3a   0x0801ae3a   0x0000001e   Code   RO         8169    i.USBD_SetCfg       usbd_core.o
    0x0801ae58   0x0801ae58   0x000000d0   Code   RO         8337    i.USBD_SetConfig    usbd_req.o
    0x0801af28   0x0801af28   0x000000b0   Code   RO         8338    i.USBD_SetFeature   usbd_req.o
    0x0801afd8   0x0801afd8   0x00000054   Code   RO         8170    i.USBD_SetupStage   usbd_core.o
    0x0801b02c   0x0801b02c   0x00000072   Code   RO         8339    i.USBD_StdDevReq    usbd_req.o
    0x0801b09e   0x0801b09e   0x00000002   PAD
    0x0801b0a0   0x0801b0a0   0x00000178   Code   RO         8340    i.USBD_StdEPReq     usbd_req.o
    0x0801b218   0x0801b218   0x0000004c   Code   RO         8341    i.USBD_StdItfReq    usbd_req.o
    0x0801b264   0x0801b264   0x00000020   Code   RO         8171    i.USBD_Suspend      usbd_core.o
    0x0801b284   0x0801b284   0x00000034   Code   RO         2091    i.USBD_USR_ConfigStrDescriptor  driver_usbvcp.o
    0x0801b2b8   0x0801b2b8   0x0000000c   Code   RO         2092    i.USBD_USR_DeviceConfigured  driver_usbvcp.o
    0x0801b2c4   0x0801b2c4   0x0000000c   Code   RO         2093    i.USBD_USR_DeviceConnected  driver_usbvcp.o
    0x0801b2d0   0x0801b2d0   0x00000010   Code   RO         2094    i.USBD_USR_DeviceDescriptor  driver_usbvcp.o
    0x0801b2e0   0x0801b2e0   0x0000000c   Code   RO         2095    i.USBD_USR_DeviceDisconnected  driver_usbvcp.o
    0x0801b2ec   0x0801b2ec   0x00000002   Code   RO         2096    i.USBD_USR_DeviceReset  driver_usbvcp.o
    0x0801b2ee   0x0801b2ee   0x00000002   PAD
    0x0801b2f0   0x0801b2f0   0x0000000c   Code   RO         2097    i.USBD_USR_DeviceResumed  driver_usbvcp.o
    0x0801b2fc   0x0801b2fc   0x0000000c   Code   RO         2098    i.USBD_USR_DeviceSuspended  driver_usbvcp.o
    0x0801b308   0x0801b308   0x00000002   Code   RO         2099    i.USBD_USR_Init     driver_usbvcp.o
    0x0801b30a   0x0801b30a   0x00000002   PAD
    0x0801b30c   0x0801b30c   0x00000038   Code   RO         2100    i.USBD_USR_InterfaceStrDescriptor  driver_usbvcp.o
    0x0801b344   0x0801b344   0x00000010   Code   RO         2101    i.USBD_USR_LangIDStrDescriptor  driver_usbvcp.o
    0x0801b354   0x0801b354   0x0000002c   Code   RO         2102    i.USBD_USR_ManufacturerStrDescriptor  driver_usbvcp.o
    0x0801b380   0x0801b380   0x00000070   Code   RO         2103    i.USBD_USR_ProductStrDescriptor  driver_usbvcp.o
    0x0801b3f0   0x0801b3f0   0x00000018   Code   RO         2104    i.USBD_USR_SerialStrDescriptor  driver_usbvcp.o
    0x0801b408   0x0801b408   0x00000010   Code   RO         2105    i.USBD_cdc_GetCfgDesc  driver_usbvcp.o
    0x0801b418   0x0801b418   0x0000001e   Code   RO         2109    i.USB_OTG_BSP_uDelay  driver_usbvcp.o
    0x0801b436   0x0801b436   0x00000074   Code   RO         7732    i.USB_OTG_EP0Activate  usb_core.o
    0x0801b4aa   0x0801b4aa   0x00000156   Code   RO         7733    i.USB_OTG_EP0StartXfer  usb_core.o
    0x0801b600   0x0801b600   0x00000062   Code   RO         7734    i.USB_OTG_EP0_OutStart  usb_core.o
    0x0801b662   0x0801b662   0x00000098   Code   RO         7735    i.USB_OTG_EPActivate  usb_core.o
    0x0801b6fa   0x0801b6fa   0x00000050   Code   RO         7736    i.USB_OTG_EPClearStall  usb_core.o
    0x0801b74a   0x0801b74a   0x0000005e   Code   RO         7737    i.USB_OTG_EPDeactivate  usb_core.o
    0x0801b7a8   0x0801b7a8   0x00000064   Code   RO         7738    i.USB_OTG_EPSetStall  usb_core.o
    0x0801b80c   0x0801b80c   0x000001fe   Code   RO         7739    i.USB_OTG_EPStartXfer  usb_core.o
    0x0801ba0a   0x0801ba0a   0x00000002   PAD
    0x0801ba0c   0x0801ba0c   0x00000054   Code   RO         7744    i.USB_OTG_FlushTxFifo  usb_core.o
    0x0801ba60   0x0801ba60   0x00000038   Code   RO         7745    i.USB_OTG_GetDeviceSpeed  usb_core.o
    0x0801ba98   0x0801ba98   0x0000000c   Code   RO         7747    i.USB_OTG_GetMode   usb_core.o
    0x0801baa4   0x0801baa4   0x00000016   Code   RO         7749    i.USB_OTG_IsDeviceMode  usb_core.o
    0x0801baba   0x0801baba   0x00000010   Code   RO         7751    i.USB_OTG_ReadCoreItr  usb_core.o
    0x0801baca   0x0801baca   0x00000010   Code   RO         7752    i.USB_OTG_ReadDevAllInEPItr  usb_core.o
    0x0801bada   0x0801bada   0x00000010   Code   RO         7753    i.USB_OTG_ReadDevAllOutEp_itr  usb_core.o
    0x0801baea   0x0801baea   0x00000014   Code   RO         7754    i.USB_OTG_ReadDevOutEP_itr  usb_core.o
    0x0801bafe   0x0801bafe   0x00000028   Code   RO         7756    i.USB_OTG_ReadPacket  usb_core.o
    0x0801bb26   0x0801bb26   0x00000040   Code   RO         7762    i.USB_OTG_WritePacket  usb_core.o
    0x0801bb66   0x0801bb66   0x00000004   Code   RO         6342    i.UsageFault_Handler  stm32f4xx_it.o
    0x0801bb6a   0x0801bb6a   0x00000006   Code   RO         2111    i.VCP_Ctrl          driver_usbvcp.o
    0x0801bb70   0x0801bb70   0x00000012   Code   RO         2112    i.VCP_DataRx        driver_usbvcp.o
    0x0801bb82   0x0801bb82   0x00000004   Code   RO         2113    i.VCP_DataTx        driver_usbvcp.o
    0x0801bb86   0x0801bb86   0x00000004   Code   RO         2114    i.VCP_DeInit        driver_usbvcp.o
    0x0801bb8a   0x0801bb8a   0x00000004   Code   RO         2115    i.VCP_Init          driver_usbvcp.o
    0x0801bb8e   0x0801bb8e   0x00000002   PAD
    0x0801bb90   0x0801bb90   0x0000004c   Code   RO         1518    i.WIFIdataSend      state.o
    0x0801bbdc   0x0801bbdc   0x00000002   Code   RO         3039    i.WWDG_IRQHandler   bsp_watchdog.o
    0x0801bbde   0x0801bbde   0x0000001c   Code   RO         1256    i.Write_DATA        app.o
    0x0801bbfa   0x0801bbfa   0x00000002   PAD
    0x0801bbfc   0x0801bbfc   0x00000038   Code   RO         1128    i.XHCDataInit       xhc_task.o
    0x0801bc34   0x0801bc34   0x00000002   Code   RO         1129    i.XHC_TaskGlobalInit  xhc_task.o
    0x0801bc36   0x0801bc36   0x00000002   PAD
    0x0801bc38   0x0801bc38   0x00000358   Code   RO         1130    i.XHC_TaskUpdateTask  xhc_task.o
    0x0801bf90   0x0801bf90   0x00000038   Code   RO         3192    i.XYZ_Target_Speed_transition  usartx.o
    0x0801bfc8   0x0801bfc8   0x00000020   Code   RO         9946    i.__0printf         mc_w.l(printfa.o)
    0x0801bfe8   0x0801bfe8   0x00000034   Code   RO         9951    i.__0vsnprintf      mc_w.l(printfa.o)
    0x0801c01c   0x0801c01c   0x00000014   Code   RO         9640    i.__hardfp_fabs     m_wm.l(fabs.o)
    0x0801c030   0x0801c030   0x0000000e   Code   RO        10114    i.__scatterload_copy  mc_w.l(handlers.o)
    0x0801c03e   0x0801c03e   0x00000002   Code   RO        10115    i.__scatterload_null  mc_w.l(handlers.o)
    0x0801c040   0x0801c040   0x0000000e   Code   RO        10116    i.__scatterload_zeroinit  mc_w.l(handlers.o)
    0x0801c04e   0x0801c04e   0x00000002   PAD
    0x0801c050   0x0801c050   0x00000184   Code   RO         9953    i._fp_digits        mc_w.l(printfa.o)
    0x0801c1d4   0x0801c1d4   0x0000000e   Code   RO        10008    i._is_digit         mc_w.l(scanf_fp.o)
    0x0801c1e2   0x0801c1e2   0x00000002   PAD
    0x0801c1e4   0x0801c1e4   0x000006b4   Code   RO         9954    i._printf_core      mc_w.l(printfa.o)
    0x0801c898   0x0801c898   0x00000024   Code   RO         9955    i._printf_post_padding  mc_w.l(printfa.o)
    0x0801c8bc   0x0801c8bc   0x0000002e   Code   RO         9956    i._printf_pre_padding  mc_w.l(printfa.o)
    0x0801c8ea   0x0801c8ea   0x00000016   Code   RO         9957    i._snputc           mc_w.l(printfa.o)
    0x0801c900   0x0801c900   0x00000048   Code   RO            4    i.appInit           app_init.o
    0x0801c948   0x0801c948   0x00000044   Code   RO         9002    i.aqCalloc          util.o
    0x0801c98c   0x0801c98c   0x00000024   Code   RO         9004    i.aqFree            util.o
    0x0801c9b0   0x0801c9b0   0x00000002   Code   RO         1073    i.balanceGlobalInit  balance.o
    0x0801c9b2   0x0801c9b2   0x00000002   PAD
    0x0801c9b4   0x0801c9b4   0x00000034   Code   RO         1074    i.balanceInit       balance.o
    0x0801c9e8   0x0801c9e8   0x00000280   Code   RO         1075    i.balanceUpdateTask  balance.o
    0x0801cc68   0x0801cc68   0x0000001c   Code   RO         1908    i.clockCountInit    driver_clockcount.o
    0x0801cc84   0x0801cc84   0x0000002c   Code   RO         9215    i.configFlashRead   config.o
    0x0801ccb0   0x0801ccb0   0x000000c4   Code   RO         9216    i.configFlashWrite  config.o
    0x0801cd74   0x0801cd74   0x000000c0   Code   RO         9217    i.configInit        config.o
    0x0801ce34   0x0801ce34   0x000001e4   Code   RO         9218    i.configLoadDefault  config.o
    0x0801d018   0x0801d018   0x0000000c   Code   RO          437    i.congtrolGlobalInit  control.o
    0x0801d024   0x0801d024   0x00000034   Code   RO          438    i.controlInit       control.o
    0x0801d058   0x0801d058   0x00000044   Code   RO          439    i.controlUpdateTask  control.o
    0x0801d09c   0x0801d09c   0x0000001c   Code   RO         9008    i.delay_ms          util.o
    0x0801d0b8   0x0801d0b8   0x0000001a   Code   RO         9009    i.delay_us          util.o
    0x0801d0d2   0x0801d0d2   0x00000002   PAD
    0x0801d0d4   0x0801d0d4   0x00000070   Code   RO          600    i.driver_can1_init  odrive.o
    0x0801d144   0x0801d144   0x00000054   Code   RO         9300    i.flashAddress      driver_flash.o
    0x0801d198   0x0801d198   0x00000078   Code   RO         9301    i.flashErase        driver_flash.o
    0x0801d210   0x0801d210   0x00000008   Code   RO         9303    i.flashStartAddr    driver_flash.o
    0x0801d218   0x0801d218   0x00000024   Code   RO         3195    i.fputc             usartx.o
    0x0801d23c   0x0801d23c   0x00000050   Code   RO         9974    i.free              mc_w.l(malloc.o)
    0x0801d28c   0x0801d28c   0x00000008   Code   RO         1178    i.getCAN2_Task      can2_task.o
    0x0801d294   0x0801d294   0x00000008   Code   RO         1131    i.getXHC_Task       xhc_task.o
    0x0801d29c   0x0801d29c   0x00000008   Code   RO         1076    i.getbalanceData    balance.o
    0x0801d2a4   0x0801d2a4   0x00000008   Code   RO          440    i.getcontrolData    control.o
    0x0801d2ac   0x0801d2ac   0x00000008   Code   RO          845    i.getsupervisorData  supervisor.o
    0x0801d2b4   0x0801d2b4   0x00000044   Code   RO          814    i.main              main.o
    0x0801d2f8   0x0801d2f8   0x0000006c   Code   RO         9975    i.malloc            mc_w.l(malloc.o)
    0x0801d364   0x0801d364   0x00000034   Code   RO         1077    i.max_of_four       balance.o
    0x0801d398   0x0801d398   0x000002a4   Code   RO          602    i.odrivelUpdateTask  odrive.o
    0x0801d63c   0x0801d63c   0x00000098   Code   RO         7210    i.prvAddCurrentTaskToDelayedList  tasks.o
    0x0801d6d4   0x0801d6d4   0x000000b8   Code   RO         7211    i.prvAddNewTaskToReadyList  tasks.o
    0x0801d78c   0x0801d78c   0x00000064   Code   RO         7582    i.prvCheckForValidListAndQueue  timers.o
    0x0801d7f0   0x0801d7f0   0x00000048   Code   RO         7212    i.prvCheckTasksWaitingTermination  tasks.o
    0x0801d838   0x0801d838   0x0000002a   Code   RO         6998    i.prvCopyDataFromQueue  queue.o
    0x0801d862   0x0801d862   0x0000007c   Code   RO         6999    i.prvCopyDataToQueue  queue.o
    0x0801d8de   0x0801d8de   0x00000012   Code   RO         7213    i.prvDeleteTCB      tasks.o
    0x0801d8f0   0x0801d8f0   0x00000028   Code   RO         7583    i.prvGetNextExpireTime  timers.o
    0x0801d918   0x0801d918   0x0000007c   Code   RO         6826    i.prvHeapInit       heap_4.o
    0x0801d994   0x0801d994   0x0000002c   Code   RO         7214    i.prvIdleTask       tasks.o
    0x0801d9c0   0x0801d9c0   0x0000002a   Code   RO         7002    i.prvInitialiseNewQueue  queue.o
    0x0801d9ea   0x0801d9ea   0x000000b6   Code   RO         7215    i.prvInitialiseNewTask  tasks.o
    0x0801daa0   0x0801daa0   0x00000068   Code   RO         7216    i.prvInitialiseTaskLists  tasks.o
    0x0801db08   0x0801db08   0x00000068   Code   RO         6827    i.prvInsertBlockIntoFreeList  heap_4.o
    0x0801db70   0x0801db70   0x00000058   Code   RO         7585    i.prvInsertTimerInActiveList  timers.o
    0x0801dbc8   0x0801dbc8   0x0000001a   Code   RO         7003    i.prvIsQueueEmpty   queue.o
    0x0801dbe2   0x0801dbe2   0x0000001e   Code   RO         7004    i.prvIsQueueFull    queue.o
    0x0801dc00   0x0801dc00   0x00000064   Code   RO         7586    i.prvProcessExpiredTimer  timers.o
    0x0801dc64   0x0801dc64   0x00000120   Code   RO         7587    i.prvProcessReceivedCommands  timers.o
    0x0801dd84   0x0801dd84   0x00000074   Code   RO         7588    i.prvProcessTimerOrBlockTask  timers.o
    0x0801ddf8   0x0801ddf8   0x00000034   Code   RO         7218    i.prvResetNextTaskUnblockTime  tasks.o
    0x0801de2c   0x0801de2c   0x0000002c   Code   RO         7589    i.prvSampleTimeNow  timers.o
    0x0801de58   0x0801de58   0x000000a0   Code   RO         7590    i.prvSwitchTimerLists  timers.o
    0x0801def8   0x0801def8   0x00000040   Code   RO         6751    i.prvTaskExitError  port.o
    0x0801df38   0x0801df38   0x0000001a   Code   RO         7591    i.prvTimerTask      timers.o
    0x0801df52   0x0801df52   0x0000007e   Code   RO         7005    i.prvUnlockQueue    queue.o
    0x0801dfd0   0x0801dfd0   0x0000013c   Code   RO         6828    i.pvPortMalloc      heap_4.o
    0x0801e10c   0x0801e10c   0x0000002c   Code   RO         6752    i.pxPortInitialiseStack  port.o
    0x0801e138   0x0801e138   0x00000002   Code   RO         1257    i.ryydelay          app.o
    0x0801e13a   0x0801e13a   0x00000036   Code   RO          603    i.set_axis_requested_state  odrive.o
    0x0801e170   0x0801e170   0x0000005c   Code   RO         1258    i.systeam_ReStart   app.o
    0x0801e1cc   0x0801e1cc   0x0000005c   Code   RO         1259    i.time2_init        app.o
    0x0801e228   0x0801e228   0x0000001a   Code   RO         3196    i.u1_SendArray      usartx.o
    0x0801e242   0x0801e242   0x00000002   PAD
    0x0801e244   0x0801e244   0x00000020   Code   RO         3197    i.u1_SendByte       usartx.o
    0x0801e264   0x0801e264   0x000000c0   Code   RO         3202    i.uart1_init        usartx.o
    0x0801e324   0x0801e324   0x000000d0   Code   RO         3203    i.uart2_init        usartx.o
    0x0801e3f4   0x0801e3f4   0x000000b0   Code   RO         3204    i.uart3_init        usartx.o
    0x0801e4a4   0x0801e4a4   0x000000b0   Code   RO         3205    i.uart4_init        usartx.o
    0x0801e554   0x0801e554   0x00000002   Code   RO         2116    i.usbVCP_DataRX_Handle  driver_usbvcp.o
    0x0801e556   0x0801e556   0x00000042   Code   RO         2118    i.usbVCP_Printf     driver_usbvcp.o
    0x0801e598   0x0801e598   0x0000002c   Code   RO         2120    i.usbVCP_SendByte   driver_usbvcp.o
    0x0801e5c4   0x0801e5c4   0x000000b0   Code   RO         2122    i.usbd_cdc_DataIn   driver_usbvcp.o
    0x0801e674   0x0801e674   0x00000038   Code   RO         2123    i.usbd_cdc_DataOut  driver_usbvcp.o
    0x0801e6ac   0x0801e6ac   0x0000002c   Code   RO         2124    i.usbd_cdc_DeInit   driver_usbvcp.o
    0x0801e6d8   0x0801e6d8   0x00000038   Code   RO         2125    i.usbd_cdc_EP0_RxReady  driver_usbvcp.o
    0x0801e710   0x0801e710   0x00000058   Code   RO         2126    i.usbd_cdc_Init     driver_usbvcp.o
    0x0801e768   0x0801e768   0x00000028   Code   RO         2127    i.usbd_cdc_SOF      driver_usbvcp.o
    0x0801e790   0x0801e790   0x000000c4   Code   RO         2128    i.usbd_cdc_Setup    driver_usbvcp.o
    0x0801e854   0x0801e854   0x00000028   Code   RO         6709    i.uxListRemove      list.o
    0x0801e87c   0x0801e87c   0x00000002   Code   RO         8957    i.vApplicationIdleHook  cpu_utils.o
    0x0801e87e   0x0801e87e   0x00000002   Code   RO         8959    i.vApplicationStackOverflowHook  cpu_utils.o
    0x0801e880   0x0801e880   0x0000001a   Code   RO         6710    i.vListInitialise   list.o
    0x0801e89a   0x0801e89a   0x00000006   Code   RO         6711    i.vListInitialiseItem  list.o
    0x0801e8a0   0x0801e8a0   0x00000034   Code   RO         6712    i.vListInsert       list.o
    0x0801e8d4   0x0801e8d4   0x00000018   Code   RO         6713    i.vListInsertEnd    list.o
    0x0801e8ec   0x0801e8ec   0x00000054   Code   RO         6754    i.vPortEnterCritical  port.o
    0x0801e940   0x0801e940   0x0000003c   Code   RO         6755    i.vPortExitCritical  port.o
    0x0801e97c   0x0801e97c   0x00000094   Code   RO         6829    i.vPortFree         heap_4.o
    0x0801ea10   0x0801ea10   0x00000018   Code   RO         6756    i.vPortSetupTimerInterrupt  port.o
    0x0801ea28   0x0801ea28   0x00000078   Code   RO         6757    i.vPortValidateInterruptPriority  port.o
    0x0801eaa0   0x0801eaa0   0x0000002c   Code   RO         7011    i.vQueueAddToRegistry  queue.o
    0x0801eacc   0x0801eacc   0x0000004a   Code   RO         7015    i.vQueueWaitForMessageRestricted  queue.o
    0x0801eb16   0x0801eb16   0x00000002   PAD
    0x0801eb18   0x0801eb18   0x000000d4   Code   RO         7232    i.vTaskDelayUntil   tasks.o
    0x0801ebec   0x0801ebec   0x000000f4   Code   RO         7233    i.vTaskDelete       tasks.o
    0x0801ece0   0x0801ece0   0x00000018   Code   RO         7237    i.vTaskInternalSetTimeOutState  tasks.o
    0x0801ecf8   0x0801ecf8   0x0000000c   Code   RO         7239    i.vTaskMissedYield  tasks.o
    0x0801ed04   0x0801ed04   0x00000038   Code   RO         7241    i.vTaskPlaceOnEventList  tasks.o
    0x0801ed3c   0x0801ed3c   0x00000040   Code   RO         7242    i.vTaskPlaceOnEventListRestricted  tasks.o
    0x0801ed7c   0x0801ed7c   0x0000009c   Code   RO         7250    i.vTaskStartScheduler  tasks.o
    0x0801ee18   0x0801ee18   0x00000010   Code   RO         7252    i.vTaskSuspendAll   tasks.o
    0x0801ee28   0x0801ee28   0x000000e8   Code   RO         7253    i.vTaskSwitchContext  tasks.o
    0x0801ef10   0x0801ef10   0x0000015c   Code   RO         3448    i.vofa_sendData     vofa.o
    0x0801f06c   0x0801f06c   0x0000001a   Code   RO         6895    i.xEventGroupCreate  event_groups.o
    0x0801f086   0x0801f086   0x00000002   PAD
    0x0801f088   0x0801f088   0x00000168   Code   RO         6758    i.xPortStartScheduler  port.o
    0x0801f1f0   0x0801f1f0   0x00000058   Code   RO         7018    i.xQueueGenericCreate  queue.o
    0x0801f248   0x0801f248   0x00000098   Code   RO         7019    i.xQueueGenericReset  queue.o
    0x0801f2e0   0x0801f2e0   0x000001a8   Code   RO         7020    i.xQueueGenericSend  queue.o
    0x0801f488   0x0801f488   0x000000f8   Code   RO         7021    i.xQueueGenericSendFromISR  queue.o
    0x0801f580   0x0801f580   0x00000168   Code   RO         7028    i.xQueueReceive     queue.o
    0x0801f6e8   0x0801f6e8   0x0000008c   Code   RO         7254    i.xTaskCheckForTimeOut  tasks.o
    0x0801f774   0x0801f774   0x00000060   Code   RO         7255    i.xTaskCreate       tasks.o
    0x0801f7d4   0x0801f7d4   0x00000020   Code   RO         7259    i.xTaskGetSchedulerState  tasks.o
    0x0801f7f4   0x0801f7f4   0x0000000c   Code   RO         7260    i.xTaskGetTickCount  tasks.o
    0x0801f800   0x0801f800   0x00000148   Code   RO         7262    i.xTaskIncrementTick  tasks.o
    0x0801f948   0x0801f948   0x000000c8   Code   RO         7265    i.xTaskPriorityDisinherit  tasks.o
    0x0801fa10   0x0801fa10   0x00000098   Code   RO         7267    i.xTaskRemoveFromEventList  tasks.o
    0x0801faa8   0x0801faa8   0x00000104   Code   RO         7268    i.xTaskResumeAll    tasks.o
    0x0801fbac   0x0801fbac   0x00000054   Code   RO         7597    i.xTimerCreateTimerTask  timers.o
    0x0801fc00   0x0801fc00   0x00000084   Code   RO         7598    i.xTimerGenericCommand  timers.o
    0x0801fc84   0x0801fc84   0x0000001c   Data   RO         2738    .constdata          bsp_can.o
    0x0801fca0   0x0801fca0   0x00000580   Data   RO         2851    .constdata          bsp_gpio.o
    0x08020220   0x08020220   0x00000040   Data   RO        10110    .constdata          mc_w.l(ctype_c.o)
    0x08020260   0x08020260   0x00000020   Data   RO        10112    Region$$Table       anon$$obj.o


    Execution Region RW_IRAM1 (Exec base: 0x20000000, Load base: 0x08020280, Size: 0x00014a00, Max: 0x00020000, ABSOLUTE, COMPRESSED[0x0000014c])

    Exec Addr    Load Addr    Size         Type   Attr      Idx    E Section Name        Object

    0x20000000   COMPRESSED   0x00000004   Data   RW            5    .data               app_init.o
    0x20000004   COMPRESSED   0x00000020   Data   RW          442    .data               control.o
    0x20000024   COMPRESSED   0x00000008   Data   RW          605    .data               odrive.o
    0x2000002c   COMPRESSED   0x00000004   Data   RW          815    .data               main.o
    0x20000030   COMPRESSED   0x0000012c   Data   RW          950    .data               pid.o
    0x2000015c   COMPRESSED   0x00000012   Data   RW         1079    .data               balance.o
    0x2000016e   COMPRESSED   0x00000002   PAD
    0x20000170   COMPRESSED   0x0000018d   Data   RW         1261    .data               app.o
    0x200002fd   COMPRESSED   0x00000003   PAD
    0x20000300   COMPRESSED   0x00000094   Data   RW         1520    .data               state.o
    0x20000394   COMPRESSED   0x0000000a   Data   RW         1822    .data               myadc.o
    0x2000039e   COMPRESSED   0x00000002   PAD
    0x200003a0   COMPRESSED   0x0000000d   Data   RW         1869    .data               remote.o
    0x200003ad   COMPRESSED   0x00000004   Data   RW         1909    .data               driver_clockcount.o
    0x200003b1   COMPRESSED   0x00000003   PAD
    0x200003b4   COMPRESSED   0x00000124   Data   RW         2130    .data               driver_usbvcp.o
    0x200004d8   COMPRESSED   0x0000001b   Data   RW         3211    .data               usartx.o
    0x200004f3   COMPRESSED   0x00000010   Data   RW         4160    .data               stm32f4xx_rcc.o
    0x20000503   COMPRESSED   0x00000001   PAD
    0x20000504   COMPRESSED   0x0000000c   Data   RW         6759    .data               port.o
    0x20000510   COMPRESSED   0x00000018   Data   RW         6834    .data               heap_4.o
    0x20000528   COMPRESSED   0x00000044   Data   RW         7271    .data               tasks.o
    0x2000056c   COMPRESSED   0x00000014   Data   RW         7606    .data               timers.o
    0x20000580   COMPRESSED   0x00000034   Data   RW         8172    .data               usbd_core.o
    0x200005b4   COMPRESSED   0x0000000d   Data   RW         8342    .data               usbd_req.o
    0x200005c1   COMPRESSED   0x00000003   PAD
    0x200005c4   COMPRESSED   0x00000010   Data   RW         9025    .data               util.o
    0x200005d4   COMPRESSED   0x00000004   Data   RW        10075    .data               mc_w.l(mvars.o)
    0x200005d8   COMPRESSED   0x00000004   Data   RW        10076    .data               mc_w.l(mvars.o)
    0x200005dc        -       0x0000000c   Zero   RW          441    .bss                control.o
    0x200005e8        -       0x00000278   Zero   RW          604    .bss                odrive.o
    0x20000860        -       0x00000053   Zero   RW          853    .bss                supervisor.o
    0x200008b3   COMPRESSED   0x00000001   PAD
    0x200008b4        -       0x00000048   Zero   RW          949    .bss                pid.o
    0x200008fc        -       0x0000009f   Zero   RW         1078    .bss                balance.o
    0x2000099b        -       0x00000009   Zero   RW         1132    .bss                xhc_task.o
    0x200009a4        -       0x00000020   Zero   RW         1179    .bss                can2_task.o
    0x200009c4        -       0x0000029f   Zero   RW         1260    .bss                app.o
    0x20000c63        -       0x00000cc1   Zero   RW         1519    .bss                state.o
    0x20001924        -       0x00000014   Zero   RW         1821    .bss                myadc.o
    0x20001938        -       0x00000f78   Zero   RW         2129    .bss                driver_usbvcp.o
    0x200028b0        -       0x00000b40   Zero   RW         3210    .bss                usartx.o
    0x200033f0        -       0x0000f000   Zero   RW         6833    .bss                heap_4.o
    0x200123f0        -       0x00000040   Zero   RW         7032    .bss                queue.o
    0x20012430        -       0x000001a4   Zero   RW         7270    .bss                tasks.o
    0x200125d4        -       0x00000028   Zero   RW         7605    .bss                timers.o
    0x200125fc   COMPRESSED   0x00000004   PAD
    0x20012600        -       0x00002000   Zero   RW         9206    HEAP                startup_stm32f40_41xxx.o
    0x20014600        -       0x00000400   Zero   RW         9205    STACK               startup_stm32f40_41xxx.o



  Load Region LR$$.ARM.__AT_0x10006000 (Base: 0x10006000, Size: 0x00000000, Max: 0x000000dc, ABSOLUTE)

    Execution Region ER$$.ARM.__AT_0x10006000 (Exec base: 0x10006000, Load base: 0x10006000, Size: 0x000000dc, Max: 0x000000dc, ABSOLUTE, UNINIT)

    Exec Addr    Load Addr    Size         Type   Attr      Idx    E Section Name        Object

    0x10006000        -       0x000000dc   Zero   RW         9224    .ARM.__AT_0x10006000  config.o


==============================================================================

Image component sizes


      Code (inc. data)   RO Data    RW Data    ZI Data      Debug   Object Name

      4988        638          0        397        671      52430   app.o
        72          8          0          4          0     395802   app_init.o
       754         90          0         18        159       4831   balance.o
       640         40         28          0          0      20513   bsp_can.o
       816         44          0          0          0       7730   bsp_eeprom.o
         0          0          0          0          0      15504   bsp_exit.o
       488         36       1408          0          0      20027   bsp_gpio.o
       574        106          0          0          0       3123   bsp_timer.o
         2          0          0          0          0        478   bsp_watchdog.o
      1992        296          0          0         32       4923   can2_task.o
       204          8          0          0          0       1653   cigan.o
         0          0          0          0          0       1472   clockcount.o
       916        180          0          0        220      11635   config.o
       140         26          0         32         12       4180   control.o
         4          0          0          0          0       1087   cpu_utils.o
        28          8          0          4          0       1470   driver_clockcount.o
       440         54          0          0          0       3353   driver_flash.o
      1584        316          0        292       3960      29603   driver_usbvcp.o
       100         12          0          0          0        687   encoder.o
        26          0          0          0          0       9844   event_groups.o
       692         62          0         24      61440      12443   heap_4.o
       228         26          0          0          0       2627   isp_exit.o
         6          0          0          0          0       1410   isp_spi.o
        58         10          0          0          0       2537   isp_tim.o
       148          0          0          0          0       3298   list.o
        68         32          0          4          0       1091   main.o
       140         24          0          0          0       1787   misc.o
       420         44          0         10         20       3315   myadc.o
      4554        238          0          8        632      27713   odrive.o
       724        104          0        300         72       9770   pid.o
       998         92          0         12          0      11833   port.o
      1780         20          0          0         64      13506   queue.o
       692         48          0         13          0       2526   remote.o
        36          8        392          0       9216        884   startup_stm32f40_41xxx.o
     11712       1704          0        148       3265      28013   state.o
       424         24          0          0          0       7367   stm32f4xx_adc.o
      1922         52          0          0          0      10534   stm32f4xx_can.o
       636         54          0          0          0       6879   stm32f4xx_dma.o
       196         22          0          0          0       3017   stm32f4xx_exti.o
       458         52          0          0          0       6301   stm32f4xx_flash.o
       240          0          0          0          0       3889   stm32f4xx_gpio.o
        36          4          0          0          0       3329   stm32f4xx_it.o
       360         42          0         16          0       5728   stm32f4xx_rcc.o
        64          4          0          0          0        728   stm32f4xx_syscfg.o
       760         28          0          0          0      14651   stm32f4xx_tim.o
       504          8          0          0          0       8172   stm32f4xx_usart.o
         8          4          0          0         83       1269   supervisor.o
       344         38          0          0          0       1841   system_stm32f4xx.o
      3044        406          0         68        420      22773   tasks.o
      1178        112          0         20         40       9759   timers.o
      2546        410          0         27       2880      15808   usartx.o
      1838          4          0          0          0      33720   usb_core.o
       510          0          0          0          0       5693   usb_dcd.o
      2240         98          0          0          0      10515   usb_dcd_int.o
       712          6          0         52          0      10550   usbd_core.o
       224          0          0          0          0       4944   usbd_ioreq.o
      1756         56          0         13          0      11558   usbd_req.o
       158         14          0         16          0       5601   util.o
       378          6          0          0          0       2512   vofa.o
       922        144          0          0          9       3116   xhc_task.o

    ----------------------------------------------------------------------
     57542       5862       1860       1492      83200     923352   Object Totals
         0          0         32          0          0          0   (incl. Generated)
        60          0          0         14          5          0   (incl. Padding)

    ----------------------------------------------------------------------

      Code (inc. data)   RO Data    RW Data    ZI Data      Debug   Library Member Name

        20          0          0          0          0        124   fabs.o
        56          8          0          0          0         84   __0sscanf.o
        86          0          0          0          0          0   __dczerorl2.o
        28          0          0          0          0         68   _chval.o
       816          6          0          0          0        112   _scanf.o
       332          0          0          0          0         96   _scanf_int.o
        64          0          0          0          0         84   _sgetc.o
        40          6         64          0          0         68   ctype_c.o
         0          0          0          0          0          0   entry.o
         0          0          0          0          0          0   entry10a.o
         0          0          0          0          0          0   entry11a.o
         4          0          0          0          0          0   entry12b.o
         8          4          0          0          0          0   entry2.o
         4          0          0          0          0          0   entry5.o
         0          0          0          0          0          0   entry7b.o
         0          0          0          0          0          0   entry8b.o
         8          4          0          0          0          0   entry9a.o
        30          0          0          0          0          0   handlers.o
        36          8          0          0          0         68   init.o
        10          0          0          0          0         68   isspace_c.o
         0          0          0          0          0          0   iusefp.o
        30          0          0          0          0         68   llshl.o
        36          0          0          0          0         68   llsshr.o
        32          0          0          0          0         68   llushr.o
       188         20          0          0          0        160   malloc.o
        36          0          0          0          0         68   memcpya.o
        36          0          0          0          0        108   memseta.o
         0          0          0          8          0          0   mvars.o
      2292         96          0          0          0        612   printfa.o
        40          8          0          0          0         84   scanf_char.o
       878         12          0          0          0        216   scanf_fp.o
        30          0          0          0          0         80   strncmp.o
        44          0          0          0          0         80   uidiv.o
        98          0          0          0          0         92   uldiv.o
        48          0          0          0          0         68   cdcmple.o
        48          0          0          0          0         68   cdrcmple.o
        56          0          0          0          0         88   d2f.o
       334          0          0          0          0        148   dadd.o
       222          0          0          0          0        100   ddiv.o
       186          0          0          0          0        176   depilogue.o
        50          0          0          0          0         76   dfixui.o
        48          0          0          0          0         68   dfixul.o
        26          0          0          0          0         76   dfltui.o
        24          0          0          0          0         76   dfltul.o
       228          0          0          0          0         96   dmul.o
        38          0          0          0          0         68   f2d.o
       110          0          0          0          0        168   fepilogue.o

    ----------------------------------------------------------------------
      6710        172         64          8          0       3752   Library Totals
        10          0          0          0          0          0   (incl. Padding)

    ----------------------------------------------------------------------

      Code (inc. data)   RO Data    RW Data    ZI Data      Debug   Library Name

        20          0          0          0          0        124   m_wm.l
      5262        172         64          8          0       2352   mc_w.l
      1418          0          0          0          0       1276   mf_w.l

    ----------------------------------------------------------------------
      6710        172         64          8          0       3752   Library Totals

    ----------------------------------------------------------------------

==============================================================================


      Code (inc. data)   RO Data    RW Data    ZI Data      Debug   

     64252       6034       1924       1500      83200     880912   Grand Totals
     64252       6034       1924        332      83200     880912   ELF Image Totals (compressed)
     64252       6034       1924        332          0          0   ROM Totals

==============================================================================

    Total RO  Size (Code + RO Data)                66176 (  64.63kB)
    Total RW  Size (RW Data + ZI Data)             84700 (  82.71kB)
    Total ROM Size (Code + RO Data + RW Data)      66508 (  64.95kB)

==============================================================================

